Archive member included to satisfy reference by file (symbol)

lib/ssd1306/libssd1306.a(ssd1306.c.o)
                              CMakeFiles/bitdoglab_wifi.dir/main.c.o (ssd1306_init)
/usr/lib/gcc/arm-none-eabi/13.2.1/thumb/v6-m/nofp/libgcc.a(_dvmd_tls.o)
                              CMakeFiles/bitdoglab_wifi.dir/home/leaonid/pico/pico-sdk/src/rp2_common/pico_divider/divider_hardware.S.o (__aeabi_idiv0)
/usr/lib/gcc/arm-none-eabi/13.2.1/../../../arm-none-eabi/lib/thumb/v6-m/nofp/libg.a(libc_a-strncmp.o)
                              CMakeFiles/bitdoglab_wifi.dir/home/leaonid/pico/pico-sdk/lib/lwip/src/core/def.c.o (strncmp)
/usr/lib/gcc/arm-none-eabi/13.2.1/../../../arm-none-eabi/lib/thumb/v6-m/nofp/libg.a(libc_a-memmove.o)
                              CMakeFiles/bitdoglab_wifi.dir/home/leaonid/pico/pico-sdk/lib/lwip/src/core/def.c.o (memmove)
/usr/lib/gcc/arm-none-eabi/13.2.1/../../../arm-none-eabi/lib/thumb/v6-m/nofp/libg.a(libc_a-calloc.o)
                              CMakeFiles/bitdoglab_wifi.dir/home/leaonid/pico/pico-sdk/src/rp2_common/pico_malloc/malloc.c.o (calloc)
/usr/lib/gcc/arm-none-eabi/13.2.1/../../../arm-none-eabi/lib/thumb/v6-m/nofp/libg.a(libc_a-impure.o)
                              /usr/lib/gcc/arm-none-eabi/13.2.1/../../../arm-none-eabi/lib/thumb/v6-m/nofp/libg.a(libc_a-calloc.o) (_impure_ptr)
/usr/lib/gcc/arm-none-eabi/13.2.1/../../../arm-none-eabi/lib/thumb/v6-m/nofp/libg.a(libc_a-callocr.o)
                              /usr/lib/gcc/arm-none-eabi/13.2.1/../../../arm-none-eabi/lib/thumb/v6-m/nofp/libg.a(libc_a-calloc.o) (_calloc_r)
/usr/lib/gcc/arm-none-eabi/13.2.1/../../../arm-none-eabi/lib/thumb/v6-m/nofp/libg.a(libc_a-realloc.o)
                              CMakeFiles/bitdoglab_wifi.dir/home/leaonid/pico/pico-sdk/src/rp2_common/pico_malloc/malloc.c.o (realloc)
/usr/lib/gcc/arm-none-eabi/13.2.1/../../../arm-none-eabi/lib/thumb/v6-m/nofp/libg.a(libc_a-mallocr.o)
                              /usr/lib/gcc/arm-none-eabi/13.2.1/../../../arm-none-eabi/lib/thumb/v6-m/nofp/libg.a(libc_a-callocr.o) (_malloc_r)
/usr/lib/gcc/arm-none-eabi/13.2.1/../../../arm-none-eabi/lib/thumb/v6-m/nofp/libg.a(libc_a-freer.o)
                              /usr/lib/gcc/arm-none-eabi/13.2.1/../../../arm-none-eabi/lib/thumb/v6-m/nofp/libg.a(libc_a-mallocr.o) (_free_r)
/usr/lib/gcc/arm-none-eabi/13.2.1/../../../arm-none-eabi/lib/thumb/v6-m/nofp/libg.a(libc_a-memcmp.o)
                              CMakeFiles/bitdoglab_wifi.dir/home/leaonid/pico/pico-sdk/src/rp2_common/pico_atomic/atomic.c.o (memcmp)
/usr/lib/gcc/arm-none-eabi/13.2.1/../../../arm-none-eabi/lib/thumb/v6-m/nofp/libg.a(libc_a-atoi.o)
                              CMakeFiles/bitdoglab_wifi.dir/home/leaonid/pico/pico-sdk/lib/lwip/src/core/netif.c.o (atoi)
/usr/lib/gcc/arm-none-eabi/13.2.1/../../../arm-none-eabi/lib/thumb/v6-m/nofp/libg.a(libc_a-strtol.o)
                              /usr/lib/gcc/arm-none-eabi/13.2.1/../../../arm-none-eabi/lib/thumb/v6-m/nofp/libg.a(libc_a-atoi.o) (_strtol_r)
/usr/lib/gcc/arm-none-eabi/13.2.1/../../../arm-none-eabi/lib/thumb/v6-m/nofp/libg.a(libc_a-malloc.o)
                              CMakeFiles/bitdoglab_wifi.dir/home/leaonid/pico/pico-sdk/src/rp2_common/pico_malloc/malloc.c.o (malloc)
/usr/lib/gcc/arm-none-eabi/13.2.1/../../../arm-none-eabi/lib/thumb/v6-m/nofp/libg.a(libc_a-sysconf.o)
                              /usr/lib/gcc/arm-none-eabi/13.2.1/../../../arm-none-eabi/lib/thumb/v6-m/nofp/libg.a(libc_a-mallocr.o) (sysconf)
/usr/lib/gcc/arm-none-eabi/13.2.1/../../../arm-none-eabi/lib/thumb/v6-m/nofp/libg.a(libc_a-init.o)
                              /usr/lib/gcc/arm-none-eabi/13.2.1/../../../arm-none-eabi/lib/thumb/v6-m/nofp/crt0.o (__libc_init_array)
/usr/lib/gcc/arm-none-eabi/13.2.1/../../../arm-none-eabi/lib/thumb/v6-m/nofp/libg.a(libc_a-reallocr.o)
                              /usr/lib/gcc/arm-none-eabi/13.2.1/../../../arm-none-eabi/lib/thumb/v6-m/nofp/libg.a(libc_a-realloc.o) (_realloc_r)
/usr/lib/gcc/arm-none-eabi/13.2.1/../../../arm-none-eabi/lib/thumb/v6-m/nofp/libg.a(libc_a-mktime.o)
                              CMakeFiles/bitdoglab_wifi.dir/home/leaonid/pico/pico-sdk/src/common/pico_util/datetime.c.o (mktime)
/usr/lib/gcc/arm-none-eabi/13.2.1/../../../arm-none-eabi/lib/thumb/v6-m/nofp/libg.a(libc_a-mlock.o)
                              /usr/lib/gcc/arm-none-eabi/13.2.1/../../../arm-none-eabi/lib/thumb/v6-m/nofp/libg.a(libc_a-mallocr.o) (__malloc_lock)
/usr/lib/gcc/arm-none-eabi/13.2.1/../../../arm-none-eabi/lib/thumb/v6-m/nofp/libg.a(libc_a-findfp.o)
                              /usr/lib/gcc/arm-none-eabi/13.2.1/../../../arm-none-eabi/lib/thumb/v6-m/nofp/libg.a(libc_a-impure.o) (__sf)
/usr/lib/gcc/arm-none-eabi/13.2.1/../../../arm-none-eabi/lib/thumb/v6-m/nofp/libg.a(libc_a-tzlock.o)
                              /usr/lib/gcc/arm-none-eabi/13.2.1/../../../arm-none-eabi/lib/thumb/v6-m/nofp/libg.a(libc_a-mktime.o) (__tz_lock)
[...]
Memory Configuration

Name             Origin             Length             Attributes
FLASH            0x10000000         0x00200000         xr
RAM              0x20000000         0x00040000         xrw
SCRATCH_X        0x20040000         0x00001000         xrw
SCRATCH_Y        0x20041000         0x00001000         xrw
*default*        0x00000000         0xffffffff

Linker script and memory map

LOAD /usr/lib/gcc/arm-none-eabi/13.2.1/thumb/v6-m/nofp/crti.o
LOAD /usr/lib/gcc/arm-none-eabi/13.2.1/thumb/v6-m/nofp/crtbegin.o
LOAD /usr/lib/gcc/arm-none-eabi/13.2.1/../../../arm-none-eabi/lib/thumb/v6-m/nofp/crt0.o

.flash_begin    0x10000000        0x0
                0x10000000                        __flash_binary_start = .

.boot2          0x10000000      0x100
                0x10000000                        __boot2_start__ = .
 *(.boot2)
 .boot2         0x10000000      0x100 pico-sdk/src/rp2040/boot_stage2/CMakeFiles/bs2_default_library.dir/bs2_default_padded_checksummed.S.o
                0x10000100                        __boot2_end__ = .
                0x00000001                        ASSERT (((__boot2_end__ - __boot2_start__) == 0x100), ERROR: Pico second stage bootloader must be 256 bytes in size)

.text           0x10000100    0x167d0
                0x10000100                        __logical_binary_start = .
 *(.vectors)
 .vectors       0x10000100       0xd4 CMakeFiles/bitdoglab_wifi.dir/home/leaonid/pico/pico-sdk/src/rp2_common/pico_crt0/crt0.S.o
                0x10000100                __vectors
                0x10000100                __VECTOR_TABLE
                0x100001c0                isr_irq30
                0x100001c0                __unhandled_user_irq
                0x100001c0                isr_irq13
                0x100001c0                isr_irq27
                0x100001c0                isr_irq31
                0x100001c0                isr_irq5
                0x100001c0                isr_irq11
                0x100001c0                isr_irq23
                0x100001c0                isr_irq18
                0x100001c0                isr_irq28
                0x100001c0                isr_irq19
                0x100001c0                isr_irq0
                0x100001c0                isr_irq6
                0x100001c0                isr_irq22
                0x100001c0                isr_irq17
                0x100001c0                isr_irq14
                0x100001c0                __vectors_end
                0x100001c0                __default_isrs_start
                0x100001c0                isr_irq2
                0x100001c0                isr_irq10
                0x100001c0                isr_irq8
                0x100001c0                isr_irq24
                0x100001c0                isr_irq1
                0x100001c0                isr_irq7
                0x100001c0                isr_irq21
                0x100001c0                isr_irq20
                0x100001c0                isr_irq15
                0x100001c0                isr_irq25
                0x100001c0                isr_irq4
                0x100001c0                isr_irq16
                0x100001c0                isr_irq29
                0x100001c0                isr_irq26
                0x100001c0                isr_irq3
                0x100001c0                isr_irq12
                0x100001c0                isr_irq9
                0x100001c6                unhandled_user_irq_num_in_r0
                0x100001c8                isr_invalid
                0x100001ca                isr_nmi
                0x100001cc                isr_hardfault
                0x100001ce                isr_svcall
                0x100001d0                isr_pendsv
                0x100001d2                isr_systick
                0x100001d4                __default_isrs_end
 *(.binary_info_header)
 .binary_info_header
                0x100001d4       0x14 CMakeFiles/bitdoglab_wifi.dir/home/leaonid/pico/pico-sdk/src/rp2_common/pico_crt0/crt0.S.o
                0x100001e8                        __binary_info_header_end = .
 *(.embedded_block)
                0x100001e8                        __embedded_block_end = .
 *(.reset)
 .reset         0x100001e8       0x9c CMakeFiles/bitdoglab_wifi.dir/home/leaonid/pico/pico-sdk/src/rp2_common/pico_crt0/crt0.S.o
                0x100001e8                _entry_point
 *(.init)
 .init          0x10000284        0x4 /usr/lib/gcc/arm-none-eabi/13.2.1/thumb/v6-m/nofp/crti.o
                0x10000284                _init
 *(EXCLUDE_FILE(*libm.a: *libc.a:*lib_a-mem*.o *libgcc.a:) .text*)
 .text          0x10000288       0x98 /usr/lib/gcc/arm-none-eabi/13.2.1/thumb/v6-m/nofp/crtbegin.o
 .text.oled_print
                0x10000320       0x3c CMakeFiles/bitdoglab_wifi.dir/main.c.o
 .text.oled_print.constprop.0
                0x1000035c       0x34 CMakeFiles/bitdoglab_wifi.dir/main.c.o
 .text.startup.main
                0x10000390      0x224 CMakeFiles/bitdoglab_wifi.dir/main.c.o
                0x10000390                main
 .text.gpio_set_function
                0x100005b4       0x34 CMakeFiles/bitdoglab_wifi.dir/home/leaonid/pico/pico-sdk/src/rp2_common/hardware_gpio/gpio.c.o
                0x100005b4                gpio_set_function
 .text.gpio_set_pulls
                0x100005e8       0x28 CMakeFiles/bitdoglab_wifi.dir/home/leaonid/pico/pico-sdk/src/rp2_common/hardware_gpio/gpio.c.o
                0x100005e8                gpio_set_pulls
 .text.gpio_set_input_hysteresis_enabled
                0x10000610       0x28 CMakeFiles/bitdoglab_wifi.dir/home/leaonid/pico/pico-sdk/src/rp2_common/hardware_gpio/gpio.c.o
                0x10000610                gpio_set_input_hysteresis_enabled
 .text.gpio_set_irq_enabled
                0x10000638       0x58 CMakeFiles/bitdoglab_wifi.dir/home/leaonid/pico/pico-sdk/src/rp2_common/hardware_gpio/gpio.c.o
                0x10000638                gpio_set_irq_enabled
 .text.gpio_add_raw_irq_handler_with_order_priority_masked
                0x10000690       0x44 CMakeFiles/bitdoglab_wifi.dir/home/leaonid/pico/pico-sdk/src/rp2_common/hardware_gpio/gpio.c.o
                0x10000690                gpio_add_raw_irq_handler_with_order_priority_masked
 .text.gpio_remove_raw_irq_handler_masked
                0x100006d4       0x20 CMakeFiles/bitdoglab_wifi.dir/home/leaonid/pico/pico-sdk/src/rp2_common/hardware_gpio/gpio.c.o
                0x100006d4                gpio_remove_raw_irq_handler_masked
 .text.gpio_init
                0x100006f4       0x40 CMakeFiles/bitdoglab_wifi.dir/home/leaonid/pico/pico-sdk/src/rp2_common/hardware_gpio/gpio.c.o
                0x100006f4                gpio_init
 .text.rp2040_chip_version
                0x10000734        0xc CMakeFiles/bitdoglab_wifi.dir/home/leaonid/pico/pico-sdk/src/rp2040/pico_platform/platform.c.o
                0x10000734                rp2040_chip_version
 .text.panic    0x10000740       0x30 CMakeFiles/bitdoglab_wifi.dir/home/leaonid/pico/pico-sdk/src/rp2_common/pico_platform_panic/panic.c.o
                0x10000740                panic
 .text.hw_claim_lock
                0x10000770       0x18 CMakeFiles/bitdoglab_wifi.dir/home/leaonid/pico/pico-sdk/src/common/hardware_claim/claim.c.o
                0x10000770                hw_claim_lock
 .text.hw_claim_unlock
                0x10000788       0x14 CMakeFiles/bitdoglab_wifi.dir/home/leaonid/pico/pico-sdk/src/common/hardware_claim/claim.c.o
                0x10000788                hw_claim_unlock
 .text.hw_claim_or_assert
                0x1000079c       0x44 CMakeFiles/bitdoglab_wifi.dir/home/leaonid/pico/pico-sdk/src/common/hardware_claim/claim.c.o
                0x1000079c                hw_claim_or_assert
 .text.hw_claim_unused_from_range
                0x100007e0       0x9c CMakeFiles/bitdoglab_wifi.dir/home/leaonid/pico/pico-sdk/src/common/hardware_claim/claim.c.o
                0x100007e0                hw_claim_unused_from_range
 .text.hw_claim_clear
                0x1000087c       0x38 CMakeFiles/bitdoglab_wifi.dir/home/leaonid/pico/pico-sdk/src/common/hardware_claim/claim.c.o
                0x1000087c                hw_claim_clear
 .text.next_striped_spin_lock_num
                0x100008b4       0x18 CMakeFiles/bitdoglab_wifi.dir/home/leaonid/pico/pico-sdk/src/rp2_common/hardware_sync/sync.c.o
                0x100008b4                next_striped_spin_lock_num
 .text.spin_lock_claim_unused
                0x100008cc       0x24 CMakeFiles/bitdoglab_wifi.dir/home/leaonid/pico/pico-sdk/src/rp2_common/hardware_sync/sync.c.o
                0x100008cc                spin_lock_claim_unused
 .text.spin_locks_reset
                0x100008f0       0x1c CMakeFiles/bitdoglab_wifi.dir/home/leaonid/pico/pico-sdk/src/rp2_common/hardware_sync_spin_lock/sync_spin_lock.c.o
                0x100008f0                spin_locks_reset
 .text.runtime_init_per_core_irq_priorities
                0x1000090c       0x24 CMakeFiles/bitdoglab_wifi.dir/home/leaonid/pico/pico-sdk/src/rp2_common/hardware_irq/irq.c.o
                0x1000090c                runtime_init_per_core_irq_priorities
 .text.irq_set_enabled
                0x10000930       0x24 CMakeFiles/bitdoglab_wifi.dir/home/leaonid/pico/pico-sdk/src/rp2_common/hardware_irq/irq.c.o
                0x10000930                irq_set_enabled
 .text.irq_is_enabled
                0x10000954       0x18 CMakeFiles/bitdoglab_wifi.dir/home/leaonid/pico/pico-sdk/src/rp2_common/hardware_irq/irq.c.o
                0x10000954                irq_is_enabled
 .text.irq_set_pending
                0x1000096c       0x10 CMakeFiles/bitdoglab_wifi.dir/home/leaonid/pico/pico-sdk/src/rp2_common/hardware_irq/irq.c.o
                0x1000096c                irq_set_pending
 .text.irq_has_shared_handler
                0x1000097c       0x24 CMakeFiles/bitdoglab_wifi.dir/home/leaonid/pico/pico-sdk/src/rp2_common/hardware_irq/irq.c.o
                0x1000097c                irq_has_shared_handler
 .text.irq_set_exclusive_handler
                0x100009a0       0x54 CMakeFiles/bitdoglab_wifi.dir/home/leaonid/pico/pico-sdk/src/rp2_common/hardware_irq/irq.c.o
                0x100009a0                irq_set_exclusive_handler
 .text.irq_add_shared_handler
                0x100009f4      0x1f4 CMakeFiles/bitdoglab_wifi.dir/home/leaonid/pico/pico-sdk/src/rp2_common/hardware_irq/irq.c.o
                0x100009f4                irq_add_shared_handler
 .text.irq_remove_handler
                0x10000be8      0x1d4 CMakeFiles/bitdoglab_wifi.dir/home/leaonid/pico/pico-sdk/src/rp2_common/hardware_irq/irq.c.o
                0x10000be8                irq_remove_handler
 .text.irq_add_tail_to_free_list
                0x10000dbc       0xb4 CMakeFiles/bitdoglab_wifi.dir/home/leaonid/pico/pico-sdk/src/rp2_common/hardware_irq/irq.c.o
                0x10000dbc                irq_add_tail_to_free_list
 .text.user_irq_claim_unused
                0x10000e70       0x2c CMakeFiles/bitdoglab_wifi.dir/home/leaonid/pico/pico-sdk/src/rp2_common/hardware_irq/irq.c.o
                0x10000e70                user_irq_claim_unused
 .text.sem_init
                0x10000e9c       0x20 CMakeFiles/bitdoglab_wifi.dir/home/leaonid/pico/pico-sdk/src/common/pico_sync/sem.c.o
                0x10000e9c                sem_init
 .text.lock_init
                0x10000ebc       0x10 CMakeFiles/bitdoglab_wifi.dir/home/leaonid/pico/pico-sdk/src/common/pico_sync/lock_core.c.o
                0x10000ebc                lock_init
 .text.runtime_init_mutex
                0x10000ecc       0x50 CMakeFiles/bitdoglab_wifi.dir/home/leaonid/pico/pico-sdk/src/common/pico_sync/mutex.c.o
                0x10000ecc                runtime_init_mutex
 .text.mutex_init
                0x10000f1c       0x1c CMakeFiles/bitdoglab_wifi.dir/home/leaonid/pico/pico-sdk/src/common/pico_sync/mutex.c.o
                0x10000f1c                mutex_init
 .text.critical_section_init
                0x10000f38       0x1c CMakeFiles/bitdoglab_wifi.dir/home/leaonid/pico/pico-sdk/src/common/pico_sync/critical_section.c.o
                0x10000f38                critical_section_init
 .text.critical_section_init_with_lock_num
                0x10000f54       0x14 CMakeFiles/bitdoglab_wifi.dir/home/leaonid/pico/pico-sdk/src/common/pico_sync/critical_section.c.o
                0x10000f54                critical_section_init_with_lock_num
 .text.sleep_until_callback
                0x10000f68       0x30 CMakeFiles/bitdoglab_wifi.dir/home/leaonid/pico/pico-sdk/src/common/pico_time/time.c.o
 .text.alarm_pool_irq_handler
                0x10000f98      0x2fc CMakeFiles/bitdoglab_wifi.dir/home/leaonid/pico/pico-sdk/src/common/pico_time/time.c.o
 .text.runtime_init_default_alarm_pool
                0x10001294       0xdc CMakeFiles/bitdoglab_wifi.dir/home/leaonid/pico/pico-sdk/src/common/pico_time/time.c.o
                0x10001294                runtime_init_default_alarm_pool
 .text.alarm_pool_get_default
                0x10001370        0x8 CMakeFiles/bitdoglab_wifi.dir/home/leaonid/pico/pico-sdk/src/common/pico_time/time.c.o
                0x10001370                alarm_pool_get_default
 .text.alarm_pool_add_alarm_at
                0x10001378       0xd4 CMakeFiles/bitdoglab_wifi.dir/home/leaonid/pico/pico-sdk/src/common/pico_time/time.c.o
                0x10001378                alarm_pool_add_alarm_at
 .text.alarm_pool_add_alarm_at_force_in_context
                0x1000144c       0xb0 CMakeFiles/bitdoglab_wifi.dir/home/leaonid/pico/pico-sdk/src/common/pico_time/time.c.o
                0x1000144c                alarm_pool_add_alarm_at_force_in_context
 .text.alarm_pool_cancel_alarm
                0x100014fc       0x74 CMakeFiles/bitdoglab_wifi.dir/home/leaonid/pico/pico-sdk/src/common/pico_time/time.c.o
                0x100014fc                alarm_pool_cancel_alarm
 .text.alarm_pool_core_num
                0x10001570        0x4 CMakeFiles/bitdoglab_wifi.dir/home/leaonid/pico/pico-sdk/src/common/pico_time/time.c.o
                0x10001570                alarm_pool_core_num
 .text.sleep_until
                0x10001574       0xd8 CMakeFiles/bitdoglab_wifi.dir/home/leaonid/pico/pico-sdk/src/common/pico_time/time.c.o
                0x10001574                sleep_until
 .text.sleep_ms
                0x1000164c       0x38 CMakeFiles/bitdoglab_wifi.dir/home/leaonid/pico/pico-sdk/src/common/pico_time/time.c.o
                0x1000164c                sleep_ms
 .text.best_effort_wfe_or_timeout
                0x10001684       0xf8 CMakeFiles/bitdoglab_wifi.dir/home/leaonid/pico/pico-sdk/src/common/pico_time/time.c.o
                0x10001684                best_effort_wfe_or_timeout
 .text.timer_hardware_alarm_claim
                0x1000177c       0x14 CMakeFiles/bitdoglab_wifi.dir/home/leaonid/pico/pico-sdk/src/rp2_common/hardware_timer/timer.c.o
                0x1000177c                timer_hardware_alarm_claim
 .text.timer_time_us_64
                0x10001790       0x10 CMakeFiles/bitdoglab_wifi.dir/home/leaonid/pico/pico-sdk/src/rp2_common/hardware_timer/timer.c.o
                0x10001790                timer_time_us_64
 .text.time_us_64
                0x100017a0       0x14 CMakeFiles/bitdoglab_wifi.dir/home/leaonid/pico/pico-sdk/src/rp2_common/hardware_timer/timer.c.o
                0x100017a0                time_us_64
 .text.busy_wait_until
                0x100017b4       0x20 CMakeFiles/bitdoglab_wifi.dir/home/leaonid/pico/pico-sdk/src/rp2_common/hardware_timer/timer.c.o
                0x100017b4                busy_wait_until
 .text.clock_configure_int_divider
                0x100017d4       0xf4 CMakeFiles/bitdoglab_wifi.dir/home/leaonid/pico/pico-sdk/src/rp2_common/hardware_clocks/clocks.c.o
                0x100017d4                clock_configure_int_divider
 .text.clock_configure_undivided
                0x100018c8       0xe8 CMakeFiles/bitdoglab_wifi.dir/home/leaonid/pico/pico-sdk/src/rp2_common/hardware_clocks/clocks.c.o
                0x100018c8                clock_configure_undivided
 .text.clock_get_hz
                0x100019b0        0xc CMakeFiles/bitdoglab_wifi.dir/home/leaonid/pico/pico-sdk/src/rp2_common/hardware_clocks/clocks.c.o
                0x100019b0                clock_get_hz
 .text.pll_init
                0x100019bc       0xa4 CMakeFiles/bitdoglab_wifi.dir/home/leaonid/pico/pico-sdk/src/rp2_common/hardware_pll/pll.c.o
                0x100019bc                pll_init
 .text.watchdog_reboot
                0x10001a60       0x9c CMakeFiles/bitdoglab_wifi.dir/home/leaonid/pico/pico-sdk/src/rp2_common/hardware_watchdog/watchdog.c.o
                0x10001a60                watchdog_reboot
 .text.tick_start
                0x10001afc       0x10 CMakeFiles/bitdoglab_wifi.dir/home/leaonid/pico/pico-sdk/src/rp2_common/hardware_ticks/ticks.c.o
                0x10001afc                tick_start
 .text.rom_func_lookup
                0x10001b0c       0x10 CMakeFiles/bitdoglab_wifi.dir/home/leaonid/pico/pico-sdk/src/rp2_common/pico_bootrom/bootrom.c.o
                0x10001b0c                rom_func_lookup
 .text.rom_data_lookup
                0x10001b1c       0x10 CMakeFiles/bitdoglab_wifi.dir/home/leaonid/pico/pico-sdk/src/rp2_common/pico_bootrom/bootrom.c.o
                0x10001b1c                rom_data_lookup
 .text.rom_funcs_lookup
                0x10001b2c       0x44 CMakeFiles/bitdoglab_wifi.dir/home/leaonid/pico/pico-sdk/src/rp2_common/pico_bootrom/bootrom.c.o
                0x10001b2c                rom_funcs_lookup
 .text.rom_reset_usb_boot_extra
                0x10001b70       0x28 CMakeFiles/bitdoglab_wifi.dir/home/leaonid/pico/pico-sdk/src/rp2_common/pico_bootrom/bootrom.c.o
                0x10001b70                rom_reset_usb_boot_extra
 .text.xosc_init
                0x10001b98       0x28 CMakeFiles/bitdoglab_wifi.dir/home/leaonid/pico/pico-sdk/src/rp2_common/hardware_xosc/xosc.c.o
                0x10001b98                xosc_init
 .text.first_per_core_initializer
                0x10001bc0        0x4 CMakeFiles/bitdoglab_wifi.dir/home/leaonid/pico/pico-sdk/src/rp2_common/pico_runtime/runtime.c.o
 .text.hard_assertion_failure
                0x10001bc4        0xc CMakeFiles/bitdoglab_wifi.dir/home/leaonid/pico/pico-sdk/src/rp2_common/pico_runtime/runtime.c.o
                0x10001bc4                hard_assertion_failure
 .text.runtime_run_initializers
                0x10001bd0       0x28 CMakeFiles/bitdoglab_wifi.dir/home/leaonid/pico/pico-sdk/src/rp2_common/pico_runtime/runtime.c.o
                0x10001bd0                runtime_run_initializers
 .text.runtime_init_early_resets
                0x10001bf8       0x2c CMakeFiles/bitdoglab_wifi.dir/home/leaonid/pico/pico-sdk/src/rp2_common/pico_runtime_init/runtime_init.c.o
                0x10001bf8                runtime_init_early_resets
 .text.runtime_init_usb_power_down
                0x10001c24       0x1c CMakeFiles/bitdoglab_wifi.dir/home/leaonid/pico/pico-sdk/src/rp2_common/pico_runtime_init/runtime_init.c.o
                0x10001c24                runtime_init_usb_power_down
 .text.runtime_init_post_clock_resets
                0x10001c40       0x20 CMakeFiles/bitdoglab_wifi.dir/home/leaonid/pico/pico-sdk/src/rp2_common/pico_runtime_init/runtime_init.c.o
                0x10001c40                runtime_init_post_clock_resets
 .text.runtime_init_rp2040_gpio_ie_disable
                0x10001c60       0x14 CMakeFiles/bitdoglab_wifi.dir/home/leaonid/pico/pico-sdk/src/rp2_common/pico_runtime_init/runtime_init.c.o
                0x10001c60                runtime_init_rp2040_gpio_ie_disable
 .text.runtime_init_spin_locks_reset
                0x10001c74        0x8 CMakeFiles/bitdoglab_wifi.dir/home/leaonid/pico/pico-sdk/src/rp2_common/pico_runtime_init/runtime_init.c.o
                0x10001c74                runtime_init_spin_locks_reset
 .text.runtime_init_install_ram_vector_table
                0x10001c7c       0xb4 CMakeFiles/bitdoglab_wifi.dir/home/leaonid/pico/pico-sdk/src/rp2_common/pico_runtime_init/runtime_init.c.o
                0x10001c7c                runtime_init_install_ram_vector_table
 .text.runtime_init_clocks
                0x10001d30       0xd8 CMakeFiles/bitdoglab_wifi.dir/home/leaonid/pico/pico-sdk/src/rp2_common/pico_runtime_init/runtime_init_clocks.c.o
                0x10001d30                runtime_init_clocks
 .text          0x10001e08       0x10 CMakeFiles/bitdoglab_wifi.dir/home/leaonid/pico/pico-sdk/src/rp2_common/pico_bit_ops/bit_ops_aeabi.S.o
 .text.ctzsi    0x10001e18        0xc CMakeFiles/bitdoglab_wifi.dir/home/leaonid/pico/pico-sdk/src/rp2_common/pico_bit_ops/bit_ops_aeabi.S.o
                0x10001e18                __wrap___ctzsi2
 .text.__wrap___aeabi_idiv
                0x10001e24       0x50 CMakeFiles/bitdoglab_wifi.dir/home/leaonid/pico/pico-sdk/src/rp2_common/pico_divider/divider_hardware.S.o
                0x10001e24                __wrap___aeabi_idivmod
                0x10001e24                divmod_s32s32
                0x10001e24                div_s32s32
                0x10001e24                __wrap___aeabi_idiv
                0x10001e2c                divmod_s32s32_unsafe
                0x10001e58                divmod_s32s32_savestate
 .text.__wrap___aeabi_uidiv
                0x10001e74       0x4c CMakeFiles/bitdoglab_wifi.dir/home/leaonid/pico/pico-sdk/src/rp2_common/pico_divider/divider_hardware.S.o
                0x10001e74                __wrap___aeabi_uidiv
                0x10001e74                __wrap___aeabi_uidivmod
                0x10001e74                div_u32u32
                0x10001e74                divmod_u32u32
                0x10001e7c                divmod_u32u32_unsafe
                0x10001ea4                divmod_u32u32_savestate
 .text.__wrap___aeabi_ldiv
                0x10001ec0      0x424 CMakeFiles/bitdoglab_wifi.dir/home/leaonid/pico/pico-sdk/src/rp2_common/pico_divider/divider_hardware.S.o
                0x10001ec0                div_s64s64
                0x10001ec0                divmod_s64s64
                0x10001ec0                __wrap___aeabi_ldivmod
                0x10001ef0                div_u64u64
                0x10001ef0                divmod_u64u64
                0x10001ef0                __wrap___aeabi_uldivmod
                0x10001f00                divmod_u64u64_savestate
                0x10001f20                divmod_s64s64_unsafe
                0x10001fa8                divmod_u64u64_unsafe
 .text.__wrap___aeabi_darithmetic
                0x100022e4       0x60 CMakeFiles/bitdoglab_wifi.dir/home/leaonid/pico/pico-sdk/src/rp2_common/pico_double/double_aeabi_rp2040.S.o
                0x100022e4                __wrap___aeabi_drsub
                0x100022ea                __wrap___aeabi_dsub
                0x100022f4                __wrap___aeabi_dadd
                0x100022fe                __wrap___aeabi_ddiv
                0x10002332                __wrap___aeabi_dmul
 .text.__wrap___aeabi_cdcmple
                0x10002344       0x6c CMakeFiles/bitdoglab_wifi.dir/home/leaonid/pico/pico-sdk/src/rp2_common/pico_double/double_aeabi_rp2040.S.o
                0x10002344                __wrap___aeabi_cdrcmple
                0x10002354                __wrap___aeabi_cdcmple
                0x10002354                __wrap___aeabi_cdcmpeq
 .text.__wrap___aeabi_dcmplt
                0x100023b0        0xc CMakeFiles/bitdoglab_wifi.dir/home/leaonid/pico/pico-sdk/src/rp2_common/pico_double/double_aeabi_rp2040.S.o
                0x100023b0                __wrap___aeabi_dcmplt
 .text.__wrap___aeabi_dcmpge
                0x100023bc       0x10 CMakeFiles/bitdoglab_wifi.dir/home/leaonid/pico/pico-sdk/src/rp2_common/pico_double/double_aeabi_rp2040.S.o
                0x100023bc                __wrap___aeabi_dcmpge
 .text.__wrap___aeabi_dcmpgt
                0x100023cc        0xa CMakeFiles/bitdoglab_wifi.dir/home/leaonid/pico/pico-sdk/src/rp2_common/pico_double/double_aeabi_rp2040.S.o
                0x100023cc                __wrap___aeabi_dcmpgt
 .text.__wrap___aeabi_dcmpun
                0x100023d6       0x18 CMakeFiles/bitdoglab_wifi.dir/home/leaonid/pico/pico-sdk/src/rp2_common/pico_double/double_aeabi_rp2040.S.o
                0x100023d6                __wrap___aeabi_dcmpun
 *fill*         0x100023ee        0x2 
 .text.__wrap___aeabi_i2d
                0x100023f0       0x38 CMakeFiles/bitdoglab_wifi.dir/home/leaonid/pico/pico-sdk/src/rp2_common/pico_double/double_aeabi_rp2040.S.o
                0x100023f0                __wrap___aeabi_ui2d
                0x100023f0                uint2double
                0x100023f8                __wrap___aeabi_i2d
                0x100023f8                int2double
 .text.__wrap___aeabi_d2iz
                0x10002428       0x48 CMakeFiles/bitdoglab_wifi.dir/home/leaonid/pico/pico-sdk/src/rp2_common/pico_double/double_aeabi_rp2040.S.o
                0x10002428                __wrap___aeabi_d2iz
                0x10002428                double2int_z
 .text.__wrap___aeabi_d2uiz
                0x10002470       0x10 CMakeFiles/bitdoglab_wifi.dir/home/leaonid/pico/pico-sdk/src/rp2_common/pico_double/double_aeabi_rp2040.S.o
                0x10002470                double2uint_z
                0x10002470                double2uint
                0x10002470                __wrap___aeabi_d2uiz
 .text.missing_double_func_shim
                0x10002480        0xc CMakeFiles/bitdoglab_wifi.dir/home/leaonid/pico/pico-sdk/src/rp2_common/pico_double/double_init_rom_rp2040.c.o
 .text.__aeabi_double_init
                0x1000248c       0xa0 CMakeFiles/bitdoglab_wifi.dir/home/leaonid/pico/pico-sdk/src/rp2_common/pico_double/double_init_rom_rp2040.c.o
                0x1000248c                __aeabi_double_init
 .text.double_table_shim_on_use_helper
                0x1000252c       0x2c CMakeFiles/bitdoglab_wifi.dir/home/leaonid/pico/pico-sdk/src/rp2_common/pico_double/double_v1_rom_shim_rp2040.S.o
                0x1000252c                double_table_shim_on_use_helper
 .text.__aeabi_lmul
                0x10002558       0x32 CMakeFiles/bitdoglab_wifi.dir/home/leaonid/pico/pico-sdk/src/rp2_common/pico_int64_ops/pico_int64_ops_aeabi.S.o
                0x10002558                __wrap___aeabi_lmul
 *fill*         0x1000258a        0x2 
 .text.missing_float_func_shim
                0x1000258c        0xc CMakeFiles/bitdoglab_wifi.dir/home/leaonid/pico/pico-sdk/src/rp2_common/pico_float/float_init_rom_rp2040.c.o
 .text.__aeabi_float_init
                0x10002598       0x5c CMakeFiles/bitdoglab_wifi.dir/home/leaonid/pico/pico-sdk/src/rp2_common/pico_float/float_init_rom_rp2040.c.o
                0x10002598                __aeabi_float_init
 .text.__wrap_malloc
                0x100025f4       0x24 CMakeFiles/bitdoglab_wifi.dir/home/leaonid/pico/pico-sdk/src/rp2_common/pico_malloc/malloc.c.o
                0x100025f4                __wrap_malloc
 .text.__wrap_free
                0x10002618        0x8 CMakeFiles/bitdoglab_wifi.dir/home/leaonid/pico/pico-sdk/src/rp2_common/pico_malloc/malloc.c.o
                0x10002618                __wrap_free
 .text          0x10002620       0x10 CMakeFiles/bitdoglab_wifi.dir/home/leaonid/pico/pico-sdk/src/rp2_common/pico_mem_ops/mem_ops_aeabi.S.o
                0x10002620                __aeabi_mem_init
 .text.memset   0x10002630        0xc CMakeFiles/bitdoglab_wifi.dir/home/leaonid/pico/pico-sdk/src/rp2_common/pico_mem_ops/mem_ops_aeabi.S.o
                0x10002630                __wrap_memset
 .text.memcpy   0x1000263c        0xc CMakeFiles/bitdoglab_wifi.dir/home/leaonid/pico/pico-sdk/src/rp2_common/pico_mem_ops/mem_ops_aeabi.S.o
                0x1000263c                __wrap___aeabi_memcpy
                0x1000263c                __wrap_memcpy
 .text._out_buffer
                0x10002648        0x8 CMakeFiles/bitdoglab_wifi.dir/home/leaonid/pico/pico-sdk/src/rp2_common/pico_printf/printf.c.o
 .text._out_null
                0x10002650        0x4 CMakeFiles/bitdoglab_wifi.dir/home/leaonid/pico/pico-sdk/src/rp2_common/pico_printf/printf.c.o
 .text._out_rev
                0x10002654       0xac CMakeFiles/bitdoglab_wifi.dir/home/leaonid/pico/pico-sdk/src/rp2_common/pico_printf/printf.c.o
 .text._ntoa_format
                0x10002700      0x250 CMakeFiles/bitdoglab_wifi.dir/home/leaonid/pico/pico-sdk/src/rp2_common/pico_printf/printf.c.o
 .text._out_char
                0x10002950       0x10 CMakeFiles/bitdoglab_wifi.dir/home/leaonid/pico/pico-sdk/src/rp2_common/pico_printf/printf.c.o
 .text._out_fct
                0x10002960       0x10 CMakeFiles/bitdoglab_wifi.dir/home/leaonid/pico/pico-sdk/src/rp2_common/pico_printf/printf.c.o
 .text._etoa    0x10002970      0x464 CMakeFiles/bitdoglab_wifi.dir/home/leaonid/pico/pico-sdk/src/rp2_common/pico_printf/printf.c.o
 .text._ftoa    0x10002dd4      0x3c0 CMakeFiles/bitdoglab_wifi.dir/home/leaonid/pico/pico-sdk/src/rp2_common/pico_printf/printf.c.o
 .text._vsnprintf
                0x10003194      0xbc8 CMakeFiles/bitdoglab_wifi.dir/home/leaonid/pico/pico-sdk/src/rp2_common/pico_printf/printf.c.o
 .text.__wrap_snprintf
                0x10003d5c       0x28 CMakeFiles/bitdoglab_wifi.dir/home/leaonid/pico/pico-sdk/src/rp2_common/pico_printf/printf.c.o
                0x10003d5c                __wrap_snprintf
 .text.vfctprintf
                0x10003d84       0x20 CMakeFiles/bitdoglab_wifi.dir/home/leaonid/pico/pico-sdk/src/rp2_common/pico_printf/printf.c.o
                0x10003d84                vfctprintf
 .text.weak_raw_vprintf
                0x10003da4       0x30 CMakeFiles/bitdoglab_wifi.dir/home/leaonid/pico/pico-sdk/src/rp2_common/pico_printf/printf.c.o
                0x10003da4                weak_raw_vprintf
 .text._exit    0x10003dd4        0x4 CMakeFiles/bitdoglab_wifi.dir/home/leaonid/pico/pico-sdk/src/rp2_common/pico_clib_interface/newlib_interface.c.o
                0x10003dd4                _exit
 .text._sbrk    0x10003dd8       0x34 CMakeFiles/bitdoglab_wifi.dir/home/leaonid/pico/pico-sdk/src/rp2_common/pico_clib_interface/newlib_interface.c.o
                0x10003dd8                _sbrk
 .text.exit     0x10003e0c        0x8 CMakeFiles/bitdoglab_wifi.dir/home/leaonid/pico/pico-sdk/src/rp2_common/pico_clib_interface/newlib_interface.c.o
                0x10003e0c                exit
 .text.runtime_init
                0x10003e14       0x2c CMakeFiles/bitdoglab_wifi.dir/home/leaonid/pico/pico-sdk/src/rp2_common/pico_clib_interface/newlib_interface.c.o
                0x10003e14                runtime_init
 .text.stdio_out_chars_no_crlf
                0x10003e40       0x10 CMakeFiles/bitdoglab_wifi.dir/home/leaonid/pico/pico-sdk/src/rp2_common/pico_stdio/stdio.c.o
 .text.stdio_out_chars_crlf
                0x10003e50       0x94 CMakeFiles/bitdoglab_wifi.dir/home/leaonid/pico/pico-sdk/src/rp2_common/pico_stdio/stdio.c.o
 .text.stdio_buffered_printer
                0x10003ee4       0x64 CMakeFiles/bitdoglab_wifi.dir/home/leaonid/pico/pico-sdk/src/rp2_common/pico_stdio/stdio.c.o
 .text.stdio_put_string
                0x10003f48      0x100 CMakeFiles/bitdoglab_wifi.dir/home/leaonid/pico/pico-sdk/src/rp2_common/pico_stdio/stdio.c.o
                0x10003f48                stdio_put_string
 .text.stdio_set_driver_enabled
                0x10004048       0x30 CMakeFiles/bitdoglab_wifi.dir/home/leaonid/pico/pico-sdk/src/rp2_common/pico_stdio/stdio.c.o
                0x10004048                stdio_set_driver_enabled
 .text.stdio_init_all
                0x10004078        0x8 CMakeFiles/bitdoglab_wifi.dir/home/leaonid/pico/pico-sdk/src/rp2_common/pico_stdio/stdio.c.o
                0x10004078                stdio_init_all
 .text.__wrap_putchar
                0x10004080       0x98 CMakeFiles/bitdoglab_wifi.dir/home/leaonid/pico/pico-sdk/src/rp2_common/pico_stdio/stdio.c.o
                0x10004080                stdio_putchar
                0x10004080                __wrap_putchar
 .text.__wrap_puts
                0x10004118       0x3c CMakeFiles/bitdoglab_wifi.dir/home/leaonid/pico/pico-sdk/src/rp2_common/pico_stdio/stdio.c.o
                0x10004118                __wrap_puts
                0x10004118                stdio_puts
 .text.__wrap_vprintf
                0x10004154       0xd4 CMakeFiles/bitdoglab_wifi.dir/home/leaonid/pico/pico-sdk/src/rp2_common/pico_stdio/stdio.c.o
                0x10004154                __wrap_vprintf
                0x10004154                stdio_vprintf
 .text.__wrap_printf
                0x10004228       0x18 CMakeFiles/bitdoglab_wifi.dir/home/leaonid/pico/pico-sdk/src/rp2_common/pico_stdio/stdio.c.o
                0x10004228                stdio_printf
                0x10004228                __wrap_printf
 .text.resetd_init
                0x10004240        0x4 CMakeFiles/bitdoglab_wifi.dir/home/leaonid/pico/pico-sdk/src/rp2_common/pico_stdio_usb/reset_interface.c.o
 .text.resetd_reset
                0x10004244        0xc CMakeFiles/bitdoglab_wifi.dir/home/leaonid/pico/pico-sdk/src/rp2_common/pico_stdio_usb/reset_interface.c.o
 .text.resetd_open
                0x10004250       0x28 CMakeFiles/bitdoglab_wifi.dir/home/leaonid/pico/pico-sdk/src/rp2_common/pico_stdio_usb/reset_interface.c.o
 .text.resetd_xfer_cb
                0x10004278        0x4 CMakeFiles/bitdoglab_wifi.dir/home/leaonid/pico/pico-sdk/src/rp2_common/pico_stdio_usb/reset_interface.c.o
 .text.resetd_control_xfer_cb
                0x1000427c       0x5c CMakeFiles/bitdoglab_wifi.dir/home/leaonid/pico/pico-sdk/src/rp2_common/pico_stdio_usb/reset_interface.c.o
 .text.tud_descriptor_bos_cb
                0x100042d8        0x8 CMakeFiles/bitdoglab_wifi.dir/home/leaonid/pico/pico-sdk/src/rp2_common/pico_stdio_usb/reset_interface.c.o
                0x100042d8                tud_descriptor_bos_cb
 .text.tud_vendor_control_xfer_cb
                0x100042e0       0x34 CMakeFiles/bitdoglab_wifi.dir/home/leaonid/pico/pico-sdk/src/rp2_common/pico_stdio_usb/reset_interface.c.o
                0x100042e0                tud_vendor_control_xfer_cb
 .text.usbd_app_driver_get_cb
                0x10004314        0xc CMakeFiles/bitdoglab_wifi.dir/home/leaonid/pico/pico-sdk/src/rp2_common/pico_stdio_usb/reset_interface.c.o
                0x10004314                usbd_app_driver_get_cb
 .text.tud_cdc_line_coding_cb
                0x10004320       0x2c CMakeFiles/bitdoglab_wifi.dir/home/leaonid/pico/pico-sdk/src/rp2_common/pico_stdio_usb/reset_interface.c.o
                0x10004320                tud_cdc_line_coding_cb
 .text.stdio_usb_set_chars_available_callback
                0x1000434c       0x14 CMakeFiles/bitdoglab_wifi.dir/home/leaonid/pico/pico-sdk/src/rp2_common/pico_stdio_usb/stdio_usb.c.o
                0x1000434c                stdio_usb_set_chars_available_callback
 .text.usb_irq  0x10004360       0x10 CMakeFiles/bitdoglab_wifi.dir/home/leaonid/pico/pico-sdk/src/rp2_common/pico_stdio_usb/stdio_usb.c.o
 .text.timer_task
                0x10004370       0x64 CMakeFiles/bitdoglab_wifi.dir/home/leaonid/pico/pico-sdk/src/rp2_common/pico_stdio_usb/stdio_usb.c.o
 .text.stdio_usb_in_chars
                0x100043d4       0x90 CMakeFiles/bitdoglab_wifi.dir/home/leaonid/pico/pico-sdk/src/rp2_common/pico_stdio_usb/stdio_usb.c.o
                0x100043d4                stdio_usb_in_chars
 .text.stdio_usb_out_flush
                0x10004464       0x50 CMakeFiles/bitdoglab_wifi.dir/home/leaonid/pico/pico-sdk/src/rp2_common/pico_stdio_usb/stdio_usb.c.o
 .text.stdio_usb_out_chars
                0x100044b4      0x104 CMakeFiles/bitdoglab_wifi.dir/home/leaonid/pico/pico-sdk/src/rp2_common/pico_stdio_usb/stdio_usb.c.o
 .text.low_priority_worker_irq
                0x100045b8       0xcc CMakeFiles/bitdoglab_wifi.dir/home/leaonid/pico/pico-sdk/src/rp2_common/pico_stdio_usb/stdio_usb.c.o
 .text.stdio_usb_init
                0x10004684       0xec CMakeFiles/bitdoglab_wifi.dir/home/leaonid/pico/pico-sdk/src/rp2_common/pico_stdio_usb/stdio_usb.c.o
                0x10004684                stdio_usb_init
 .text.tud_descriptor_device_cb
                0x10004770        0x8 CMakeFiles/bitdoglab_wifi.dir/home/leaonid/pico/pico-sdk/src/rp2_common/pico_stdio_usb/stdio_usb_descriptors.c.o
                0x10004770                tud_descriptor_device_cb
 .text.tud_descriptor_configuration_cb
                0x10004778        0x8 CMakeFiles/bitdoglab_wifi.dir/home/leaonid/pico/pico-sdk/src/rp2_common/pico_stdio_usb/stdio_usb_descriptors.c.o
                0x10004778                tud_descriptor_configuration_cb
 .text.tud_descriptor_string_cb
                0x10004780       0x78 CMakeFiles/bitdoglab_wifi.dir/home/leaonid/pico/pico-sdk/src/rp2_common/pico_stdio_usb/stdio_usb_descriptors.c.o
                0x10004780                tud_descriptor_string_cb
 .text.startup._retrieve_unique_id_on_boot
                0x100047f8       0x10 CMakeFiles/bitdoglab_wifi.dir/home/leaonid/pico/pico-sdk/src/rp2_common/pico_unique_id/unique_id.c.o
 .text.pico_get_unique_board_id
                0x10004808       0x10 CMakeFiles/bitdoglab_wifi.dir/home/leaonid/pico/pico-sdk/src/rp2_common/pico_unique_id/unique_id.c.o
                0x10004808                pico_get_unique_board_id
 .text.pico_get_unique_board_id_string
                0x10004818      0x1a8 CMakeFiles/bitdoglab_wifi.dir/home/leaonid/pico/pico-sdk/src/rp2_common/pico_unique_id/unique_id.c.o
                0x10004818                pico_get_unique_board_id_string
 .text.flash_get_unique_id
                0x100049c0       0x3c CMakeFiles/bitdoglab_wifi.dir/home/leaonid/pico/pico-sdk/src/rp2_common/hardware_flash/flash.c.o
                0x100049c0                flash_get_unique_id
 .text.dcd_init
                0x100049fc       0x90 CMakeFiles/bitdoglab_wifi.dir/home/leaonid/pico/pico-sdk/lib/tinyusb/src/portable/raspberrypi/rp2040/dcd_rp2040.c.o
                0x100049fc                dcd_init
 .text.dcd_int_enable
                0x10004a8c        0xc CMakeFiles/bitdoglab_wifi.dir/home/leaonid/pico/pico-sdk/lib/tinyusb/src/portable/raspberrypi/rp2040/dcd_rp2040.c.o
                0x10004a8c                dcd_int_enable
 .text.dcd_set_address
                0x10004a98       0x14 CMakeFiles/bitdoglab_wifi.dir/home/leaonid/pico/pico-sdk/lib/tinyusb/src/portable/raspberrypi/rp2040/dcd_rp2040.c.o
                0x10004a98                dcd_set_address
 .text.dcd_sof_enable
                0x10004aac       0x1c CMakeFiles/bitdoglab_wifi.dir/home/leaonid/pico/pico-sdk/lib/tinyusb/src/portable/raspberrypi/rp2040/dcd_rp2040.c.o
                0x10004aac                dcd_sof_enable
 .text.dcd_edpt0_status_complete
                0x10004ac8       0x1c CMakeFiles/bitdoglab_wifi.dir/home/leaonid/pico/pico-sdk/lib/tinyusb/src/portable/raspberrypi/rp2040/dcd_rp2040.c.o
                0x10004ac8                dcd_edpt0_status_complete
 .text.dcd_edpt_open
                0x10004ae4      0x114 CMakeFiles/bitdoglab_wifi.dir/home/leaonid/pico/pico-sdk/lib/tinyusb/src/portable/raspberrypi/rp2040/dcd_rp2040.c.o
                0x10004ae4                dcd_edpt_open
 .text.dcd_edpt_close_all
                0x10004bf8        0x8 CMakeFiles/bitdoglab_wifi.dir/home/leaonid/pico/pico-sdk/lib/tinyusb/src/portable/raspberrypi/rp2040/dcd_rp2040.c.o
                0x10004bf8                dcd_edpt_close_all
 .text.dcd_edpt_xfer
                0x10004c00       0x24 CMakeFiles/bitdoglab_wifi.dir/home/leaonid/pico/pico-sdk/lib/tinyusb/src/portable/raspberrypi/rp2040/dcd_rp2040.c.o
                0x10004c00                dcd_edpt_xfer
 .text.dcd_edpt_stall
                0x10004c24       0x34 CMakeFiles/bitdoglab_wifi.dir/home/leaonid/pico/pico-sdk/lib/tinyusb/src/portable/raspberrypi/rp2040/dcd_rp2040.c.o
                0x10004c24                dcd_edpt_stall
 .text.dcd_edpt_clear_stall
                0x10004c58       0x30 CMakeFiles/bitdoglab_wifi.dir/home/leaonid/pico/pico-sdk/lib/tinyusb/src/portable/raspberrypi/rp2040/dcd_rp2040.c.o
                0x10004c58                dcd_edpt_clear_stall
 .text.rp2040_usb_init
                0x10004c88       0x40 CMakeFiles/bitdoglab_wifi.dir/home/leaonid/pico/pico-sdk/lib/tinyusb/src/portable/raspberrypi/rp2040/rp2040_usb.c.o
                0x10004c88                rp2040_usb_init
 .text.hw_endpoint_xfer_start
                0x10004cc8       0x40 CMakeFiles/bitdoglab_wifi.dir/home/leaonid/pico/pico-sdk/lib/tinyusb/src/portable/raspberrypi/rp2040/rp2040_usb.c.o
                0x10004cc8                hw_endpoint_xfer_start
 .text.tud_event_hook_cb
                0x10004d08        0x4 CMakeFiles/bitdoglab_wifi.dir/home/leaonid/pico/pico-sdk/lib/tinyusb/src/device/usbd.c.o
                0x10004d08                tud_event_hook_cb
 .text.tud_sof_cb
                0x10004d0c        0x4 CMakeFiles/bitdoglab_wifi.dir/home/leaonid/pico/pico-sdk/lib/tinyusb/src/device/usbd.c.o
                0x10004d0c                tud_sof_cb
 .text.tud_descriptor_device_qualifier_cb
                0x10004d10        0x4 CMakeFiles/bitdoglab_wifi.dir/home/leaonid/pico/pico-sdk/lib/tinyusb/src/device/usbd.c.o
                0x10004d10                tud_descriptor_device_qualifier_cb
 .text.tud_descriptor_other_speed_configuration_cb
                0x10004d14        0x4 CMakeFiles/bitdoglab_wifi.dir/home/leaonid/pico/pico-sdk/lib/tinyusb/src/device/usbd.c.o
                0x10004d14                tud_descriptor_other_speed_configuration_cb
 .text.tud_mount_cb
                0x10004d18        0x4 CMakeFiles/bitdoglab_wifi.dir/home/leaonid/pico/pico-sdk/lib/tinyusb/src/device/usbd.c.o
                0x10004d18                tud_mount_cb
 .text.tud_umount_cb
                0x10004d1c        0x4 CMakeFiles/bitdoglab_wifi.dir/home/leaonid/pico/pico-sdk/lib/tinyusb/src/device/usbd.c.o
                0x10004d1c                tud_umount_cb
 .text.tud_suspend_cb
                0x10004d20        0x4 CMakeFiles/bitdoglab_wifi.dir/home/leaonid/pico/pico-sdk/lib/tinyusb/src/device/usbd.c.o
                0x10004d20                tud_suspend_cb
 .text.tud_resume_cb
                0x10004d24        0x4 CMakeFiles/bitdoglab_wifi.dir/home/leaonid/pico/pico-sdk/lib/tinyusb/src/device/usbd.c.o
                0x10004d24                tud_resume_cb
 .text.tud_mounted
                0x10004d28       0x10 CMakeFiles/bitdoglab_wifi.dir/home/leaonid/pico/pico-sdk/lib/tinyusb/src/device/usbd.c.o
                0x10004d28                tud_mounted
 .text.tud_suspended
                0x10004d38       0x10 CMakeFiles/bitdoglab_wifi.dir/home/leaonid/pico/pico-sdk/lib/tinyusb/src/device/usbd.c.o
                0x10004d38                tud_suspended
 .text.tud_rhport_init
                0x10004d48       0xfc CMakeFiles/bitdoglab_wifi.dir/home/leaonid/pico/pico-sdk/lib/tinyusb/src/device/usbd.c.o
                0x10004d48                tud_rhport_init
 .text.tud_task_ext
                0x10004e44      0x800 CMakeFiles/bitdoglab_wifi.dir/home/leaonid/pico/pico-sdk/lib/tinyusb/src/device/usbd.c.o
                0x10004e44                tud_task_ext
 .text.usbd_open_edpt_pair
                0x10005644       0x9c CMakeFiles/bitdoglab_wifi.dir/home/leaonid/pico/pico-sdk/lib/tinyusb/src/device/usbd.c.o
                0x10005644                usbd_open_edpt_pair
 .text.usbd_edpt_open
                0x100056e0       0x34 CMakeFiles/bitdoglab_wifi.dir/home/leaonid/pico/pico-sdk/lib/tinyusb/src/device/usbd.c.o
                0x100056e0                usbd_edpt_open
 .text.usbd_edpt_claim
                0x10005714       0x28 CMakeFiles/bitdoglab_wifi.dir/home/leaonid/pico/pico-sdk/lib/tinyusb/src/device/usbd.c.o
                0x10005714                usbd_edpt_claim
 .text.usbd_edpt_release
                0x1000573c       0x28 CMakeFiles/bitdoglab_wifi.dir/home/leaonid/pico/pico-sdk/lib/tinyusb/src/device/usbd.c.o
                0x1000573c                usbd_edpt_release
 .text.usbd_edpt_xfer
                0x10005764       0x4c CMakeFiles/bitdoglab_wifi.dir/home/leaonid/pico/pico-sdk/lib/tinyusb/src/device/usbd.c.o
                0x10005764                usbd_edpt_xfer
 .text.tud_control_status
                0x100057b0       0x2c CMakeFiles/bitdoglab_wifi.dir/home/leaonid/pico/pico-sdk/lib/tinyusb/src/device/usbd_control.c.o
                0x100057b0                tud_control_status
 .text.tud_control_xfer
                0x100057dc       0xac CMakeFiles/bitdoglab_wifi.dir/home/leaonid/pico/pico-sdk/lib/tinyusb/src/device/usbd_control.c.o
                0x100057dc                tud_control_xfer
 .text.usbd_control_reset
                0x10005888       0x14 CMakeFiles/bitdoglab_wifi.dir/home/leaonid/pico/pico-sdk/lib/tinyusb/src/device/usbd_control.c.o
                0x10005888                usbd_control_reset
 .text.usbd_control_set_complete_callback
                0x1000589c        0xc CMakeFiles/bitdoglab_wifi.dir/home/leaonid/pico/pico-sdk/lib/tinyusb/src/device/usbd_control.c.o
                0x1000589c                usbd_control_set_complete_callback
 .text.usbd_control_set_request
                0x100058a8       0x1c CMakeFiles/bitdoglab_wifi.dir/home/leaonid/pico/pico-sdk/lib/tinyusb/src/device/usbd_control.c.o
                0x100058a8                usbd_control_set_request
 .text.usbd_control_xfer_cb
                0x100058c4       0xec CMakeFiles/bitdoglab_wifi.dir/home/leaonid/pico/pico-sdk/lib/tinyusb/src/device/usbd_control.c.o
                0x100058c4                usbd_control_xfer_cb
 .text._prep_out_transaction.isra.0
                0x100059b0       0x6c CMakeFiles/bitdoglab_wifi.dir/home/leaonid/pico/pico-sdk/lib/tinyusb/src/class/cdc/cdc_device.c.o
 .text.tud_cdc_n_connected
                0x10005a1c       0x2c CMakeFiles/bitdoglab_wifi.dir/home/leaonid/pico/pico-sdk/lib/tinyusb/src/class/cdc/cdc_device.c.o
                0x10005a1c                tud_cdc_n_connected
 .text.tud_cdc_n_available
                0x10005a48       0x14 CMakeFiles/bitdoglab_wifi.dir/home/leaonid/pico/pico-sdk/lib/tinyusb/src/class/cdc/cdc_device.c.o
                0x10005a48                tud_cdc_n_available
 .text.tud_cdc_n_read
                0x10005a5c       0x94 CMakeFiles/bitdoglab_wifi.dir/home/leaonid/pico/pico-sdk/lib/tinyusb/src/class/cdc/cdc_device.c.o
                0x10005a5c                tud_cdc_n_read
 .text.tud_cdc_n_write_flush
                0x10005af0       0x74 CMakeFiles/bitdoglab_wifi.dir/home/leaonid/pico/pico-sdk/lib/tinyusb/src/class/cdc/cdc_device.c.o
                0x10005af0                tud_cdc_n_write_flush
 .text.tud_cdc_n_write
                0x10005b64       0x40 CMakeFiles/bitdoglab_wifi.dir/home/leaonid/pico/pico-sdk/lib/tinyusb/src/class/cdc/cdc_device.c.o
                0x10005b64                tud_cdc_n_write
 .text.tud_cdc_n_write_available
                0x10005ba4       0x14 CMakeFiles/bitdoglab_wifi.dir/home/leaonid/pico/pico-sdk/lib/tinyusb/src/class/cdc/cdc_device.c.o
                0x10005ba4                tud_cdc_n_write_available
 .text.cdcd_init
                0x10005bb8       0x70 CMakeFiles/bitdoglab_wifi.dir/home/leaonid/pico/pico-sdk/lib/tinyusb/src/class/cdc/cdc_device.c.o
                0x10005bb8                cdcd_init
 .text.cdcd_deinit
                0x10005c28       0x34 CMakeFiles/bitdoglab_wifi.dir/home/leaonid/pico/pico-sdk/lib/tinyusb/src/class/cdc/cdc_device.c.o
                0x10005c28                cdcd_deinit
 .text.cdcd_reset
                0x10005c5c       0x4c CMakeFiles/bitdoglab_wifi.dir/home/leaonid/pico/pico-sdk/lib/tinyusb/src/class/cdc/cdc_device.c.o
                0x10005c5c                cdcd_reset
 .text.cdcd_open
                0x10005ca8       0xa8 CMakeFiles/bitdoglab_wifi.dir/home/leaonid/pico/pico-sdk/lib/tinyusb/src/class/cdc/cdc_device.c.o
                0x10005ca8                cdcd_open
 .text.cdcd_control_xfer_cb
                0x10005d50       0xe8 CMakeFiles/bitdoglab_wifi.dir/home/leaonid/pico/pico-sdk/lib/tinyusb/src/class/cdc/cdc_device.c.o
                0x10005d50                cdcd_control_xfer_cb
 .text.cdcd_xfer_cb
                0x10005e38      0x100 CMakeFiles/bitdoglab_wifi.dir/home/leaonid/pico/pico-sdk/lib/tinyusb/src/class/cdc/cdc_device.c.o
                0x10005e38                cdcd_xfer_cb
 .text.vendord_init
                0x10005f38       0x5c CMakeFiles/bitdoglab_wifi.dir/home/leaonid/pico/pico-sdk/lib/tinyusb/src/class/vendor/vendor_device.c.o
                0x10005f38                vendord_init
 .text.vendord_deinit
                0x10005f94       0x1c CMakeFiles/bitdoglab_wifi.dir/home/leaonid/pico/pico-sdk/lib/tinyusb/src/class/vendor/vendor_device.c.o
                0x10005f94                vendord_deinit
 .text.vendord_reset
                0x10005fb0       0x28 CMakeFiles/bitdoglab_wifi.dir/home/leaonid/pico/pico-sdk/lib/tinyusb/src/class/vendor/vendor_device.c.o
                0x10005fb0                vendord_reset
 .text.vendord_open
                0x10005fd8      0x128 CMakeFiles/bitdoglab_wifi.dir/home/leaonid/pico/pico-sdk/lib/tinyusb/src/class/vendor/vendor_device.c.o
                0x10005fd8                vendord_open
 .text.vendord_xfer_cb
                0x10006100       0x9c CMakeFiles/bitdoglab_wifi.dir/home/leaonid/pico/pico-sdk/lib/tinyusb/src/class/vendor/vendor_device.c.o
                0x10006100                vendord_xfer_cb
 .text.tusb_rhport_init
                0x1000619c       0x48 CMakeFiles/bitdoglab_wifi.dir/home/leaonid/pico/pico-sdk/lib/tinyusb/src/tusb.c.o
                0x1000619c                tusb_rhport_init
 .text.tu_edpt_claim
                0x100061e4       0x50 CMakeFiles/bitdoglab_wifi.dir/home/leaonid/pico/pico-sdk/lib/tinyusb/src/tusb.c.o
                0x100061e4                tu_edpt_claim
 .text.tu_edpt_release
                0x10006234       0x38 CMakeFiles/bitdoglab_wifi.dir/home/leaonid/pico/pico-sdk/lib/tinyusb/src/tusb.c.o
                0x10006234                tu_edpt_release
 .text.tu_edpt_validate
                0x1000626c       0x7c CMakeFiles/bitdoglab_wifi.dir/home/leaonid/pico/pico-sdk/lib/tinyusb/src/tusb.c.o
                0x1000626c                tu_edpt_validate
 .text.tu_edpt_bind_driver
                0x100062e8       0x34 CMakeFiles/bitdoglab_wifi.dir/home/leaonid/pico/pico-sdk/lib/tinyusb/src/tusb.c.o
                0x100062e8                tu_edpt_bind_driver
 .text.tu_edpt_stream_init
                0x1000631c       0x6c CMakeFiles/bitdoglab_wifi.dir/home/leaonid/pico/pico-sdk/lib/tinyusb/src/tusb.c.o
                0x1000631c                tu_edpt_stream_init
 .text.tu_edpt_stream_deinit
                0x10006388        0x4 CMakeFiles/bitdoglab_wifi.dir/home/leaonid/pico/pico-sdk/lib/tinyusb/src/tusb.c.o
                0x10006388                tu_edpt_stream_deinit
 .text.tu_edpt_stream_write_zlp_if_needed
                0x1000638c       0x68 CMakeFiles/bitdoglab_wifi.dir/home/leaonid/pico/pico-sdk/lib/tinyusb/src/tusb.c.o
                0x1000638c                tu_edpt_stream_write_zlp_if_needed
 .text.tu_edpt_stream_write_xfer
                0x100063f4       0x64 CMakeFiles/bitdoglab_wifi.dir/home/leaonid/pico/pico-sdk/lib/tinyusb/src/tusb.c.o
                0x100063f4                tu_edpt_stream_write_xfer
 .text.tu_edpt_stream_read_xfer
                0x10006458       0xdc CMakeFiles/bitdoglab_wifi.dir/home/leaonid/pico/pico-sdk/lib/tinyusb/src/tusb.c.o
                0x10006458                tu_edpt_stream_read_xfer
 .text.tu_fifo_config
                0x10006534       0x6c CMakeFiles/bitdoglab_wifi.dir/home/leaonid/pico/pico-sdk/lib/tinyusb/src/common/tusb_fifo.c.o
                0x10006534                tu_fifo_config
 .text.tu_fifo_count
                0x100065a0       0x2c CMakeFiles/bitdoglab_wifi.dir/home/leaonid/pico/pico-sdk/lib/tinyusb/src/common/tusb_fifo.c.o
                0x100065a0                tu_fifo_count
 .text.tu_fifo_empty
                0x100065cc       0x10 CMakeFiles/bitdoglab_wifi.dir/home/leaonid/pico/pico-sdk/lib/tinyusb/src/common/tusb_fifo.c.o
                0x100065cc                tu_fifo_empty
 .text.tu_fifo_remaining
                0x100065dc       0x2c CMakeFiles/bitdoglab_wifi.dir/home/leaonid/pico/pico-sdk/lib/tinyusb/src/common/tusb_fifo.c.o
                0x100065dc                tu_fifo_remaining
 .text.tu_fifo_read
                0x10006608       0x9c CMakeFiles/bitdoglab_wifi.dir/home/leaonid/pico/pico-sdk/lib/tinyusb/src/common/tusb_fifo.c.o
                0x10006608                tu_fifo_read
 .text.tu_fifo_read_n
                0x100066a4       0xe8 CMakeFiles/bitdoglab_wifi.dir/home/leaonid/pico/pico-sdk/lib/tinyusb/src/common/tusb_fifo.c.o
                0x100066a4                tu_fifo_read_n
 .text.tu_fifo_write
                0x1000678c       0xa8 CMakeFiles/bitdoglab_wifi.dir/home/leaonid/pico/pico-sdk/lib/tinyusb/src/common/tusb_fifo.c.o
                0x1000678c                tu_fifo_write
 .text.tu_fifo_write_n
                0x10006834      0x178 CMakeFiles/bitdoglab_wifi.dir/home/leaonid/pico/pico-sdk/lib/tinyusb/src/common/tusb_fifo.c.o
                0x10006834                tu_fifo_write_n
 .text.tu_fifo_clear
                0x100069ac       0x40 CMakeFiles/bitdoglab_wifi.dir/home/leaonid/pico/pico-sdk/lib/tinyusb/src/common/tusb_fifo.c.o
                0x100069ac                tu_fifo_clear
 .text.tu_fifo_set_overwritable
                0x100069ec       0x48 CMakeFiles/bitdoglab_wifi.dir/home/leaonid/pico/pico-sdk/lib/tinyusb/src/common/tusb_fifo.c.o
                0x100069ec                tu_fifo_set_overwritable
 .text.lwip_timeout_reached
                0x10006a34        0x8 CMakeFiles/bitdoglab_wifi.dir/home/leaonid/pico/pico-sdk/src/rp2_common/pico_lwip/lwip_nosys.c.o
 .text.update_next_timeout
                0x10006a3c       0x60 CMakeFiles/bitdoglab_wifi.dir/home/leaonid/pico/pico-sdk/src/rp2_common/pico_lwip/lwip_nosys.c.o
 .text.lwip_nosys_init
                0x10006a9c       0x30 CMakeFiles/bitdoglab_wifi.dir/home/leaonid/pico/pico-sdk/src/rp2_common/pico_lwip/lwip_nosys.c.o
                0x10006a9c                lwip_nosys_init
 .text.lwip_nosys_deinit
                0x10006acc       0x20 CMakeFiles/bitdoglab_wifi.dir/home/leaonid/pico/pico-sdk/src/rp2_common/pico_lwip/lwip_nosys.c.o
                0x10006acc                lwip_nosys_deinit
 .text.sys_arch_protect
                0x10006aec        0x4 CMakeFiles/bitdoglab_wifi.dir/home/leaonid/pico/pico-sdk/src/rp2_common/pico_lwip/lwip_nosys.c.o
                0x10006aec                sys_arch_protect
 .text.sys_arch_unprotect
                0x10006af0        0x4 CMakeFiles/bitdoglab_wifi.dir/home/leaonid/pico/pico-sdk/src/rp2_common/pico_lwip/lwip_nosys.c.o
                0x10006af0                sys_arch_unprotect
 .text.sys_now  0x10006af4       0x20 CMakeFiles/bitdoglab_wifi.dir/home/leaonid/pico/pico-sdk/src/rp2_common/pico_lwip/lwip_nosys.c.o
                0x10006af4                sys_now
 .text.async_context_base_add_at_time_worker
                0x10006b14       0x24 CMakeFiles/bitdoglab_wifi.dir/home/leaonid/pico/pico-sdk/src/rp2_common/pico_async_context/async_context_base.c.o
                0x10006b14                async_context_base_add_at_time_worker
 .text.async_context_base_remove_at_time_worker
                0x10006b38       0x28 CMakeFiles/bitdoglab_wifi.dir/home/leaonid/pico/pico-sdk/src/rp2_common/pico_async_context/async_context_base.c.o
                0x10006b38                async_context_base_remove_at_time_worker
 .text.async_context_base_add_when_pending_worker
                0x10006b60       0x24 CMakeFiles/bitdoglab_wifi.dir/home/leaonid/pico/pico-sdk/src/rp2_common/pico_async_context/async_context_base.c.o
                0x10006b60                async_context_base_add_when_pending_worker
 .text.async_context_base_remove_when_pending_worker
                0x10006b84       0x28 CMakeFiles/bitdoglab_wifi.dir/home/leaonid/pico/pico-sdk/src/rp2_common/pico_async_context/async_context_base.c.o
                0x10006b84                async_context_base_remove_when_pending_worker
 .text.async_context_base_execute_once
                0x10006bac      0x108 CMakeFiles/bitdoglab_wifi.dir/home/leaonid/pico/pico-sdk/src/rp2_common/pico_async_context/async_context_base.c.o
                0x10006bac                async_context_base_execute_once
 .text.splitmix64
                0x10006cb4       0x58 CMakeFiles/bitdoglab_wifi.dir/home/leaonid/pico/pico-sdk/src/rp2_common/pico_rand/rand.c.o
 .text.xoroshiro128ss
                0x10006d0c       0x90 CMakeFiles/bitdoglab_wifi.dir/home/leaonid/pico/pico-sdk/src/rp2_common/pico_rand/rand.c.o
 .text.get_rand_64
                0x10006d9c      0x4a4 CMakeFiles/bitdoglab_wifi.dir/home/leaonid/pico/pico-sdk/src/rp2_common/pico_rand/rand.c.o
                0x10006d9c                get_rand_64
 .text.get_rand_32
                0x10007240        0x8 CMakeFiles/bitdoglab_wifi.dir/home/leaonid/pico/pico-sdk/src/rp2_common/pico_rand/rand.c.o
                0x10007240                get_rand_32
 .text.lwip_init
                0x10007248       0x24 CMakeFiles/bitdoglab_wifi.dir/home/leaonid/pico/pico-sdk/lib/lwip/src/core/init.c.o
                0x10007248                lwip_init
 .text.lwip_htons
                0x1000726c        0x8 CMakeFiles/bitdoglab_wifi.dir/home/leaonid/pico/pico-sdk/lib/lwip/src/core/def.c.o
                0x1000726c                lwip_htons
 .text.lwip_htonl
                0x10007274        0x4 CMakeFiles/bitdoglab_wifi.dir/home/leaonid/pico/pico-sdk/lib/lwip/src/core/def.c.o
                0x10007274                lwip_htonl
 .text.dns_call_found
                0x10007278      0x184 CMakeFiles/bitdoglab_wifi.dir/home/leaonid/pico/pico-sdk/lib/lwip/src/core/dns.c.o
 .text.dns_send.isra.0
                0x100073fc      0x174 CMakeFiles/bitdoglab_wifi.dir/home/leaonid/pico/pico-sdk/lib/lwip/src/core/dns.c.o
 .text.dns_init
                0x10007570        0x4 CMakeFiles/bitdoglab_wifi.dir/home/leaonid/pico/pico-sdk/lib/lwip/src/core/dns.c.o
                0x10007570                dns_init
 .text.dns_setserver
                0x10007574       0x24 CMakeFiles/bitdoglab_wifi.dir/home/leaonid/pico/pico-sdk/lib/lwip/src/core/dns.c.o
                0x10007574                dns_setserver
 .text.dns_tmr  0x10007598      0x140 CMakeFiles/bitdoglab_wifi.dir/home/leaonid/pico/pico-sdk/lib/lwip/src/core/dns.c.o
                0x10007598                dns_tmr
 .text.lwip_standard_chksum
                0x100076d8       0xdc CMakeFiles/bitdoglab_wifi.dir/home/leaonid/pico/pico-sdk/lib/lwip/src/core/inet_chksum.c.o
                0x100076d8                lwip_standard_chksum
 .text.inet_chksum_pseudo
                0x100077b4       0xbc CMakeFiles/bitdoglab_wifi.dir/home/leaonid/pico/pico-sdk/lib/lwip/src/core/inet_chksum.c.o
                0x100077b4                inet_chksum_pseudo
 .text.ip_chksum_pseudo
                0x10007870       0x10 CMakeFiles/bitdoglab_wifi.dir/home/leaonid/pico/pico-sdk/lib/lwip/src/core/inet_chksum.c.o
                0x10007870                ip_chksum_pseudo
 .text.inet_chksum
                0x10007880        0xc CMakeFiles/bitdoglab_wifi.dir/home/leaonid/pico/pico-sdk/lib/lwip/src/core/inet_chksum.c.o
                0x10007880                inet_chksum
 .text.inet_chksum_pbuf
                0x1000788c       0x78 CMakeFiles/bitdoglab_wifi.dir/home/leaonid/pico/pico-sdk/lib/lwip/src/core/inet_chksum.c.o
                0x1000788c                inet_chksum_pbuf
 .text.mem_init
                0x10007904        0x4 CMakeFiles/bitdoglab_wifi.dir/home/leaonid/pico/pico-sdk/lib/lwip/src/core/mem.c.o
                0x10007904                mem_init
 .text.mem_trim
                0x10007908        0x4 CMakeFiles/bitdoglab_wifi.dir/home/leaonid/pico/pico-sdk/lib/lwip/src/core/mem.c.o
                0x10007908                mem_trim
 .text.mem_malloc
                0x1000790c       0x2c CMakeFiles/bitdoglab_wifi.dir/home/leaonid/pico/pico-sdk/lib/lwip/src/core/mem.c.o
                0x1000790c                mem_malloc
 .text.mem_free
                0x10007938       0x2c CMakeFiles/bitdoglab_wifi.dir/home/leaonid/pico/pico-sdk/lib/lwip/src/core/mem.c.o
                0x10007938                mem_free
 .text.memp_init
                0x10007964       0x6c CMakeFiles/bitdoglab_wifi.dir/home/leaonid/pico/pico-sdk/lib/lwip/src/core/memp.c.o
                0x10007964                memp_init
 .text.memp_malloc
                0x100079d0       0x40 CMakeFiles/bitdoglab_wifi.dir/home/leaonid/pico/pico-sdk/lib/lwip/src/core/memp.c.o
                0x100079d0                memp_malloc
 .text.memp_free
                0x10007a10       0x38 CMakeFiles/bitdoglab_wifi.dir/home/leaonid/pico/pico-sdk/lib/lwip/src/core/memp.c.o
                0x10007a10                memp_free
 .text.netif_null_output_ip4
                0x10007a48        0x8 CMakeFiles/bitdoglab_wifi.dir/home/leaonid/pico/pico-sdk/lib/lwip/src/core/netif.c.o
 .text.netif_do_set_ipaddr.isra.0
                0x10007a50       0x60 CMakeFiles/bitdoglab_wifi.dir/home/leaonid/pico/pico-sdk/lib/lwip/src/core/netif.c.o
 .text.netif_init
                0x10007ab0        0x4 CMakeFiles/bitdoglab_wifi.dir/home/leaonid/pico/pico-sdk/lib/lwip/src/core/netif.c.o
                0x10007ab0                netif_init
 .text.netif_add
                0x10007ab4      0x16c CMakeFiles/bitdoglab_wifi.dir/home/leaonid/pico/pico-sdk/lib/lwip/src/core/netif.c.o
                0x10007ab4                netif_add
 .text.netif_set_addr
                0x10007c20       0xb4 CMakeFiles/bitdoglab_wifi.dir/home/leaonid/pico/pico-sdk/lib/lwip/src/core/netif.c.o
                0x10007c20                netif_set_addr
 .text.netif_remove
                0x10007cd4       0x94 CMakeFiles/bitdoglab_wifi.dir/home/leaonid/pico/pico-sdk/lib/lwip/src/core/netif.c.o
                0x10007cd4                netif_remove
 .text.netif_set_default
                0x10007d68        0xc CMakeFiles/bitdoglab_wifi.dir/home/leaonid/pico/pico-sdk/lib/lwip/src/core/netif.c.o
                0x10007d68                netif_set_default
 .text.netif_set_up
                0x10007d74       0x40 CMakeFiles/bitdoglab_wifi.dir/home/leaonid/pico/pico-sdk/lib/lwip/src/core/netif.c.o
                0x10007d74                netif_set_up
 .text.netif_set_link_up
                0x10007db4       0x44 CMakeFiles/bitdoglab_wifi.dir/home/leaonid/pico/pico-sdk/lib/lwip/src/core/netif.c.o
                0x10007db4                netif_set_link_up
 .text.netif_set_link_down
                0x10007df8       0x20 CMakeFiles/bitdoglab_wifi.dir/home/leaonid/pico/pico-sdk/lib/lwip/src/core/netif.c.o
                0x10007df8                netif_set_link_down
 .text.netif_get_by_index
                0x10007e18       0x2c CMakeFiles/bitdoglab_wifi.dir/home/leaonid/pico/pico-sdk/lib/lwip/src/core/netif.c.o
                0x10007e18                netif_get_by_index
 .text.pbuf_free.part.0
                0x10007e44       0x7c CMakeFiles/bitdoglab_wifi.dir/home/leaonid/pico/pico-sdk/lib/lwip/src/core/pbuf.c.o
 .text.pbuf_free_ooseq
                0x10007ec0       0x34 CMakeFiles/bitdoglab_wifi.dir/home/leaonid/pico/pico-sdk/lib/lwip/src/core/pbuf.c.o
                0x10007ec0                pbuf_free_ooseq
 .text.pbuf_alloc
                0x10007ef4      0x12c CMakeFiles/bitdoglab_wifi.dir/home/leaonid/pico/pico-sdk/lib/lwip/src/core/pbuf.c.o
                0x10007ef4                pbuf_alloc
 .text.pbuf_realloc
                0x10008020       0x84 CMakeFiles/bitdoglab_wifi.dir/home/leaonid/pico/pico-sdk/lib/lwip/src/core/pbuf.c.o
                0x10008020                pbuf_realloc
 .text.pbuf_add_header
                0x100080a4       0x50 CMakeFiles/bitdoglab_wifi.dir/home/leaonid/pico/pico-sdk/lib/lwip/src/core/pbuf.c.o
                0x100080a4                pbuf_add_header
 .text.pbuf_remove_header
                0x100080f4       0x3c CMakeFiles/bitdoglab_wifi.dir/home/leaonid/pico/pico-sdk/lib/lwip/src/core/pbuf.c.o
                0x100080f4                pbuf_remove_header
 .text.pbuf_header_force
                0x10008130       0x68 CMakeFiles/bitdoglab_wifi.dir/home/leaonid/pico/pico-sdk/lib/lwip/src/core/pbuf.c.o
                0x10008130                pbuf_header_force
 .text.pbuf_free
                0x10008198       0x18 CMakeFiles/bitdoglab_wifi.dir/home/leaonid/pico/pico-sdk/lib/lwip/src/core/pbuf.c.o
                0x10008198                pbuf_free
 .text.pbuf_clen
                0x100081b0       0x14 CMakeFiles/bitdoglab_wifi.dir/home/leaonid/pico/pico-sdk/lib/lwip/src/core/pbuf.c.o
                0x100081b0                pbuf_clen
 .text.pbuf_ref
                0x100081c4       0x28 CMakeFiles/bitdoglab_wifi.dir/home/leaonid/pico/pico-sdk/lib/lwip/src/core/pbuf.c.o
                0x100081c4                pbuf_ref
 .text.pbuf_cat
                0x100081ec       0x54 CMakeFiles/bitdoglab_wifi.dir/home/leaonid/pico/pico-sdk/lib/lwip/src/core/pbuf.c.o
                0x100081ec                pbuf_cat
 .text.pbuf_chain
                0x10008240       0x70 CMakeFiles/bitdoglab_wifi.dir/home/leaonid/pico/pico-sdk/lib/lwip/src/core/pbuf.c.o
                0x10008240                pbuf_chain
 .text.pbuf_copy_partial_pbuf
                0x100082b0      0x148 CMakeFiles/bitdoglab_wifi.dir/home/leaonid/pico/pico-sdk/lib/lwip/src/core/pbuf.c.o
                0x100082b0                pbuf_copy_partial_pbuf
 .text.pbuf_copy
                0x100083f8       0x18 CMakeFiles/bitdoglab_wifi.dir/home/leaonid/pico/pico-sdk/lib/lwip/src/core/pbuf.c.o
                0x100083f8                pbuf_copy
 .text.pbuf_copy_partial
                0x10008410       0x68 CMakeFiles/bitdoglab_wifi.dir/home/leaonid/pico/pico-sdk/lib/lwip/src/core/pbuf.c.o
                0x10008410                pbuf_copy_partial
 .text.pbuf_take
                0x10008478       0x78 CMakeFiles/bitdoglab_wifi.dir/home/leaonid/pico/pico-sdk/lib/lwip/src/core/pbuf.c.o
                0x10008478                pbuf_take
 .text.pbuf_take_at
                0x100084f0       0xcc CMakeFiles/bitdoglab_wifi.dir/home/leaonid/pico/pico-sdk/lib/lwip/src/core/pbuf.c.o
                0x100084f0                pbuf_take_at
 .text.pbuf_clone
                0x100085bc       0x30 CMakeFiles/bitdoglab_wifi.dir/home/leaonid/pico/pico-sdk/lib/lwip/src/core/pbuf.c.o
                0x100085bc                pbuf_clone
 .text.pbuf_put_at
                0x100085ec       0x1c CMakeFiles/bitdoglab_wifi.dir/home/leaonid/pico/pico-sdk/lib/lwip/src/core/pbuf.c.o
                0x100085ec                pbuf_put_at
 .text.raw_input
                0x10008608      0x164 CMakeFiles/bitdoglab_wifi.dir/home/leaonid/pico/pico-sdk/lib/lwip/src/core/raw.c.o
                0x10008608                raw_input
 .text.raw_netif_ip_addr_changed
                0x1000876c       0x40 CMakeFiles/bitdoglab_wifi.dir/home/leaonid/pico/pico-sdk/lib/lwip/src/core/raw.c.o
                0x1000876c                raw_netif_ip_addr_changed
 .text.stats_init
                0x100087ac        0x4 CMakeFiles/bitdoglab_wifi.dir/home/leaonid/pico/pico-sdk/lib/lwip/src/core/stats.c.o
                0x100087ac                stats_init
 .text.tcp_close_shutdown_fin
                0x100087b0       0x54 CMakeFiles/bitdoglab_wifi.dir/home/leaonid/pico/pico-sdk/lib/lwip/src/core/tcp.c.o
 .text.tcp_pcb_purge.part.0
                0x10008804       0xc4 CMakeFiles/bitdoglab_wifi.dir/home/leaonid/pico/pico-sdk/lib/lwip/src/core/tcp.c.o
 .text.tcp_init
                0x100088c8       0x20 CMakeFiles/bitdoglab_wifi.dir/home/leaonid/pico/pico-sdk/lib/lwip/src/core/tcp.c.o
                0x100088c8                tcp_init
 .text.tcp_free
                0x100088e8       0x1c CMakeFiles/bitdoglab_wifi.dir/home/leaonid/pico/pico-sdk/lib/lwip/src/core/tcp.c.o
                0x100088e8                tcp_free
 .text.tcp_update_rcv_ann_wnd
                0x10008904       0x58 CMakeFiles/bitdoglab_wifi.dir/home/leaonid/pico/pico-sdk/lib/lwip/src/core/tcp.c.o
                0x10008904                tcp_update_rcv_ann_wnd
 .text.tcp_recved
                0x1000895c       0x98 CMakeFiles/bitdoglab_wifi.dir/home/leaonid/pico/pico-sdk/lib/lwip/src/core/tcp.c.o
                0x1000895c                tcp_recved
 .text.tcp_slowtmr
                0x100089f4      0x524 CMakeFiles/bitdoglab_wifi.dir/home/leaonid/pico/pico-sdk/lib/lwip/src/core/tcp.c.o
                0x100089f4                tcp_slowtmr
 .text.tcp_segs_free
                0x10008f18       0x38 CMakeFiles/bitdoglab_wifi.dir/home/leaonid/pico/pico-sdk/lib/lwip/src/core/tcp.c.o
                0x10008f18                tcp_segs_free
 .text.tcp_seg_free
                0x10008f50       0x1c CMakeFiles/bitdoglab_wifi.dir/home/leaonid/pico/pico-sdk/lib/lwip/src/core/tcp.c.o
                0x10008f50                tcp_seg_free
 .text.tcp_seg_copy
                0x10008f6c       0x2c CMakeFiles/bitdoglab_wifi.dir/home/leaonid/pico/pico-sdk/lib/lwip/src/core/tcp.c.o
                0x10008f6c                tcp_seg_copy
 .text.tcp_pcb_purge
                0x10008f98       0x18 CMakeFiles/bitdoglab_wifi.dir/home/leaonid/pico/pico-sdk/lib/lwip/src/core/tcp.c.o
                0x10008f98                tcp_pcb_purge
 .text.tcp_pcb_remove
                0x10008fb0       0xc8 CMakeFiles/bitdoglab_wifi.dir/home/leaonid/pico/pico-sdk/lib/lwip/src/core/tcp.c.o
                0x10008fb0                tcp_pcb_remove
 .text.tcp_abandon
                0x10009078      0x1a0 CMakeFiles/bitdoglab_wifi.dir/home/leaonid/pico/pico-sdk/lib/lwip/src/core/tcp.c.o
                0x10009078                tcp_abandon
 .text.tcp_abort
                0x10009218        0xc CMakeFiles/bitdoglab_wifi.dir/home/leaonid/pico/pico-sdk/lib/lwip/src/core/tcp.c.o
                0x10009218                tcp_abort
 .text.tcp_alloc
                0x10009224      0x1d4 CMakeFiles/bitdoglab_wifi.dir/home/leaonid/pico/pico-sdk/lib/lwip/src/core/tcp.c.o
                0x10009224                tcp_alloc
 .text.tcp_close_shutdown
                0x100093f8      0x188 CMakeFiles/bitdoglab_wifi.dir/home/leaonid/pico/pico-sdk/lib/lwip/src/core/tcp.c.o
 .text.tcp_recv_null
                0x10009580       0xcc CMakeFiles/bitdoglab_wifi.dir/home/leaonid/pico/pico-sdk/lib/lwip/src/core/tcp.c.o
                0x10009580                tcp_recv_null
 .text.tcp_process_refused_data
                0x1000964c       0x78 CMakeFiles/bitdoglab_wifi.dir/home/leaonid/pico/pico-sdk/lib/lwip/src/core/tcp.c.o
                0x1000964c                tcp_process_refused_data
 .text.tcp_fasttmr
                0x100096c4       0x98 CMakeFiles/bitdoglab_wifi.dir/home/leaonid/pico/pico-sdk/lib/lwip/src/core/tcp.c.o
                0x100096c4                tcp_fasttmr
 .text.tcp_tmr  0x1000975c       0x20 CMakeFiles/bitdoglab_wifi.dir/home/leaonid/pico/pico-sdk/lib/lwip/src/core/tcp.c.o
                0x1000975c                tcp_tmr
 .text.tcp_next_iss
                0x1000977c       0x28 CMakeFiles/bitdoglab_wifi.dir/home/leaonid/pico/pico-sdk/lib/lwip/src/core/tcp.c.o
                0x1000977c                tcp_next_iss
 .text.tcp_eff_send_mss_netif
                0x100097a4       0x34 CMakeFiles/bitdoglab_wifi.dir/home/leaonid/pico/pico-sdk/lib/lwip/src/core/tcp.c.o
                0x100097a4                tcp_eff_send_mss_netif
 .text.tcp_netif_ip_addr_changed
                0x100097d8       0x94 CMakeFiles/bitdoglab_wifi.dir/home/leaonid/pico/pico-sdk/lib/lwip/src/core/tcp.c.o
                0x100097d8                tcp_netif_ip_addr_changed
 .text.tcp_free_ooseq
                0x1000986c       0x40 CMakeFiles/bitdoglab_wifi.dir/home/leaonid/pico/pico-sdk/lib/lwip/src/core/tcp.c.o
                0x1000986c                tcp_free_ooseq
 .text.tcp_parseopt
                0x100098ac      0x1bc CMakeFiles/bitdoglab_wifi.dir/home/leaonid/pico/pico-sdk/lib/lwip/src/core/tcp_in.c.o
 .text.tcp_oos_insert_segment
                0x10009a68       0xdc CMakeFiles/bitdoglab_wifi.dir/home/leaonid/pico/pico-sdk/lib/lwip/src/core/tcp_in.c.o
 .text.tcp_free_acked_segments.isra.0
                0x10009b44       0xdc CMakeFiles/bitdoglab_wifi.dir/home/leaonid/pico/pico-sdk/lib/lwip/src/core/tcp_in.c.o
 .text.tcp_receive
                0x10009c20      0xa04 CMakeFiles/bitdoglab_wifi.dir/home/leaonid/pico/pico-sdk/lib/lwip/src/core/tcp_in.c.o
 .text.tcp_input
                0x1000a624      0xe54 CMakeFiles/bitdoglab_wifi.dir/home/leaonid/pico/pico-sdk/lib/lwip/src/core/tcp_in.c.o
                0x1000a624                tcp_input
 .text.tcp_trigger_input_pcb_close
                0x1000b478       0x10 CMakeFiles/bitdoglab_wifi.dir/home/leaonid/pico/pico-sdk/lib/lwip/src/core/tcp_in.c.o
                0x1000b478                tcp_trigger_input_pcb_close
 .text.tcp_create_segment
                0x1000b488       0xf8 CMakeFiles/bitdoglab_wifi.dir/home/leaonid/pico/pico-sdk/lib/lwip/src/core/tcp_out.c.o
 .text.tcp_output_control_segment
                0x1000b580       0xc0 CMakeFiles/bitdoglab_wifi.dir/home/leaonid/pico/pico-sdk/lib/lwip/src/core/tcp_out.c.o
 .text.tcp_output_alloc_header.constprop.0
                0x1000b640       0xc8 CMakeFiles/bitdoglab_wifi.dir/home/leaonid/pico/pico-sdk/lib/lwip/src/core/tcp_out.c.o
 .text.tcp_split_unsent_seg
                0x1000b708      0x1b4 CMakeFiles/bitdoglab_wifi.dir/home/leaonid/pico/pico-sdk/lib/lwip/src/core/tcp_out.c.o
                0x1000b708                tcp_split_unsent_seg
 .text.tcp_send_fin
                0x1000b8bc      0x118 CMakeFiles/bitdoglab_wifi.dir/home/leaonid/pico/pico-sdk/lib/lwip/src/core/tcp_out.c.o
                0x1000b8bc                tcp_send_fin
 .text.tcp_enqueue_flags
                0x1000b9d4      0x108 CMakeFiles/bitdoglab_wifi.dir/home/leaonid/pico/pico-sdk/lib/lwip/src/core/tcp_out.c.o
                0x1000b9d4                tcp_enqueue_flags
 .text.tcp_rexmit_rto_prepare
                0x1000badc       0x9c CMakeFiles/bitdoglab_wifi.dir/home/leaonid/pico/pico-sdk/lib/lwip/src/core/tcp_out.c.o
                0x1000badc                tcp_rexmit_rto_prepare
 .text.tcp_rexmit
                0x1000bb78       0x9c CMakeFiles/bitdoglab_wifi.dir/home/leaonid/pico/pico-sdk/lib/lwip/src/core/tcp_out.c.o
                0x1000bb78                tcp_rexmit
 .text.tcp_rexmit_fast
                0x1000bc14       0x64 CMakeFiles/bitdoglab_wifi.dir/home/leaonid/pico/pico-sdk/lib/lwip/src/core/tcp_out.c.o
                0x1000bc14                tcp_rexmit_fast
 .text.tcp_rst  0x1000bc78       0xe8 CMakeFiles/bitdoglab_wifi.dir/home/leaonid/pico/pico-sdk/lib/lwip/src/core/tcp_out.c.o
                0x1000bc78                tcp_rst
 .text.tcp_rst_netif
                0x1000bd60      0x130 CMakeFiles/bitdoglab_wifi.dir/home/leaonid/pico/pico-sdk/lib/lwip/src/core/tcp_out.c.o
                0x1000bd60                tcp_rst_netif
 .text.tcp_send_empty_ack
                0x1000be90       0x4c CMakeFiles/bitdoglab_wifi.dir/home/leaonid/pico/pico-sdk/lib/lwip/src/core/tcp_out.c.o
                0x1000be90                tcp_send_empty_ack
 .text.tcp_output
                0x1000bedc      0x454 CMakeFiles/bitdoglab_wifi.dir/home/leaonid/pico/pico-sdk/lib/lwip/src/core/tcp_out.c.o
                0x1000bedc                tcp_output
 .text.tcp_rexmit_rto_commit
                0x1000c330       0x24 CMakeFiles/bitdoglab_wifi.dir/home/leaonid/pico/pico-sdk/lib/lwip/src/core/tcp_out.c.o
                0x1000c330                tcp_rexmit_rto_commit
 .text.tcp_rexmit_rto
                0x1000c354       0xa4 CMakeFiles/bitdoglab_wifi.dir/home/leaonid/pico/pico-sdk/lib/lwip/src/core/tcp_out.c.o
                0x1000c354                tcp_rexmit_rto
 .text.tcp_keepalive
                0x1000c3f8       0xdc CMakeFiles/bitdoglab_wifi.dir/home/leaonid/pico/pico-sdk/lib/lwip/src/core/tcp_out.c.o
                0x1000c3f8                tcp_keepalive
 .text.tcp_zero_window_probe
                0x1000c4d4      0x110 CMakeFiles/bitdoglab_wifi.dir/home/leaonid/pico/pico-sdk/lib/lwip/src/core/tcp_out.c.o
                0x1000c4d4                tcp_zero_window_probe
 .text.tcpip_tcp_timer
                0x1000c5e4       0x78 CMakeFiles/bitdoglab_wifi.dir/home/leaonid/pico/pico-sdk/lib/lwip/src/core/timeouts.c.o
 .text.lwip_cyclic_timer
                0x1000c65c       0x98 CMakeFiles/bitdoglab_wifi.dir/home/leaonid/pico/pico-sdk/lib/lwip/src/core/timeouts.c.o
 .text.tcp_timer_needed
                0x1000c6f4       0x7c CMakeFiles/bitdoglab_wifi.dir/home/leaonid/pico/pico-sdk/lib/lwip/src/core/timeouts.c.o
                0x1000c6f4                tcp_timer_needed
 .text.sys_timeouts_init
                0x1000c770       0x8c CMakeFiles/bitdoglab_wifi.dir/home/leaonid/pico/pico-sdk/lib/lwip/src/core/timeouts.c.o
                0x1000c770                sys_timeouts_init
 .text.sys_check_timeouts
                0x1000c7fc       0x68 CMakeFiles/bitdoglab_wifi.dir/home/leaonid/pico/pico-sdk/lib/lwip/src/core/timeouts.c.o
                0x1000c7fc                sys_check_timeouts
 .text.sys_timeouts_sleeptime
                0x1000c864       0x28 CMakeFiles/bitdoglab_wifi.dir/home/leaonid/pico/pico-sdk/lib/lwip/src/core/timeouts.c.o
                0x1000c864                sys_timeouts_sleeptime
 .text.udp_init
                0x1000c88c       0x20 CMakeFiles/bitdoglab_wifi.dir/home/leaonid/pico/pico-sdk/lib/lwip/src/core/udp.c.o
                0x1000c88c                udp_init
 .text.udp_input
                0x1000c8ac      0x320 CMakeFiles/bitdoglab_wifi.dir/home/leaonid/pico/pico-sdk/lib/lwip/src/core/udp.c.o
                0x1000c8ac                udp_input
 .text.udp_bind
                0x1000cbcc      0x118 CMakeFiles/bitdoglab_wifi.dir/home/leaonid/pico/pico-sdk/lib/lwip/src/core/udp.c.o
                0x1000cbcc                udp_bind
 .text.udp_sendto_if_src
                0x1000cce4      0x130 CMakeFiles/bitdoglab_wifi.dir/home/leaonid/pico/pico-sdk/lib/lwip/src/core/udp.c.o
                0x1000cce4                udp_sendto_if_src
 .text.udp_sendto_if
                0x1000ce14       0x48 CMakeFiles/bitdoglab_wifi.dir/home/leaonid/pico/pico-sdk/lib/lwip/src/core/udp.c.o
                0x1000ce14                udp_sendto_if
 .text.udp_sendto
                0x1000ce5c       0x78 CMakeFiles/bitdoglab_wifi.dir/home/leaonid/pico/pico-sdk/lib/lwip/src/core/udp.c.o
                0x1000ce5c                udp_sendto
 .text.udp_connect
                0x1000ced4       0x60 CMakeFiles/bitdoglab_wifi.dir/home/leaonid/pico/pico-sdk/lib/lwip/src/core/udp.c.o
                0x1000ced4                udp_connect
 .text.udp_recv
                0x1000cf34        0xc CMakeFiles/bitdoglab_wifi.dir/home/leaonid/pico/pico-sdk/lib/lwip/src/core/udp.c.o
                0x1000cf34                udp_recv
 .text.udp_remove
                0x1000cf40       0x3c CMakeFiles/bitdoglab_wifi.dir/home/leaonid/pico/pico-sdk/lib/lwip/src/core/udp.c.o
                0x1000cf40                udp_remove
 .text.udp_new  0x1000cf7c       0x1c CMakeFiles/bitdoglab_wifi.dir/home/leaonid/pico/pico-sdk/lib/lwip/src/core/udp.c.o
                0x1000cf7c                udp_new
 .text.udp_netif_ip_addr_changed
                0x1000cf98       0x40 CMakeFiles/bitdoglab_wifi.dir/home/leaonid/pico/pico-sdk/lib/lwip/src/core/udp.c.o
                0x1000cf98                udp_netif_ip_addr_changed
 .text.dhcp_create_msg
                0x1000cfd8      0x164 CMakeFiles/bitdoglab_wifi.dir/home/leaonid/pico/pico-sdk/lib/lwip/src/core/ipv4/dhcp.c.o
 .text.dhcp_inc_pcb_refcount
                0x1000d13c       0x6c CMakeFiles/bitdoglab_wifi.dir/home/leaonid/pico/pico-sdk/lib/lwip/src/core/ipv4/dhcp.c.o
 .text.dhcp_bind
                0x1000d1a8      0x138 CMakeFiles/bitdoglab_wifi.dir/home/leaonid/pico/pico-sdk/lib/lwip/src/core/ipv4/dhcp.c.o
 .text.dhcp_option_hostname.isra.0
                0x1000d2e0       0x84 CMakeFiles/bitdoglab_wifi.dir/home/leaonid/pico/pico-sdk/lib/lwip/src/core/ipv4/dhcp.c.o
 .text.dhcp_handle_ack.isra.0
                0x1000d364       0xcc CMakeFiles/bitdoglab_wifi.dir/home/leaonid/pico/pico-sdk/lib/lwip/src/core/ipv4/dhcp.c.o
 .text.dhcp_reboot.isra.0
                0x1000d430      0x178 CMakeFiles/bitdoglab_wifi.dir/home/leaonid/pico/pico-sdk/lib/lwip/src/core/ipv4/dhcp.c.o
 .text.dhcp_discover
                0x1000d5a8      0x148 CMakeFiles/bitdoglab_wifi.dir/home/leaonid/pico/pico-sdk/lib/lwip/src/core/ipv4/dhcp.c.o
 .text.dhcp_select.isra.0
                0x1000d6f0      0x1e0 CMakeFiles/bitdoglab_wifi.dir/home/leaonid/pico/pico-sdk/lib/lwip/src/core/ipv4/dhcp.c.o
 .text.dhcp_recv
                0x1000d8d0      0x47c CMakeFiles/bitdoglab_wifi.dir/home/leaonid/pico/pico-sdk/lib/lwip/src/core/ipv4/dhcp.c.o
 .text.dhcp_set_struct
                0x1000dd4c       0x44 CMakeFiles/bitdoglab_wifi.dir/home/leaonid/pico/pico-sdk/lib/lwip/src/core/ipv4/dhcp.c.o
                0x1000dd4c                dhcp_set_struct
 .text.dhcp_network_changed_link_up
                0x1000dd90       0x40 CMakeFiles/bitdoglab_wifi.dir/home/leaonid/pico/pico-sdk/lib/lwip/src/core/ipv4/dhcp.c.o
                0x1000dd90                dhcp_network_changed_link_up
 .text.dhcp_renew
                0x1000ddd0      0x138 CMakeFiles/bitdoglab_wifi.dir/home/leaonid/pico/pico-sdk/lib/lwip/src/core/ipv4/dhcp.c.o
                0x1000ddd0                dhcp_renew
 .text.dhcp_release_and_stop
                0x1000df08      0x158 CMakeFiles/bitdoglab_wifi.dir/home/leaonid/pico/pico-sdk/lib/lwip/src/core/ipv4/dhcp.c.o
                0x1000df08                dhcp_release_and_stop
 .text.dhcp_start
                0x1000e060       0xb0 CMakeFiles/bitdoglab_wifi.dir/home/leaonid/pico/pico-sdk/lib/lwip/src/core/ipv4/dhcp.c.o
                0x1000e060                dhcp_start
 .text.dhcp_coarse_tmr
                0x1000e110      0x1d8 CMakeFiles/bitdoglab_wifi.dir/home/leaonid/pico/pico-sdk/lib/lwip/src/core/ipv4/dhcp.c.o
                0x1000e110                dhcp_coarse_tmr
 .text.dhcp_fine_tmr
                0x1000e2e8       0x78 CMakeFiles/bitdoglab_wifi.dir/home/leaonid/pico/pico-sdk/lib/lwip/src/core/ipv4/dhcp.c.o
                0x1000e2e8                dhcp_fine_tmr
 .text.dhcp_stop
                0x1000e360      0x158 CMakeFiles/bitdoglab_wifi.dir/home/leaonid/pico/pico-sdk/lib/lwip/src/core/ipv4/dhcp.c.o
                0x1000e360                dhcp_stop
 .text.etharp_find_entry
                0x1000e4b8      0x3c0 CMakeFiles/bitdoglab_wifi.dir/home/leaonid/pico/pico-sdk/lib/lwip/src/core/ipv4/etharp.c.o
 .text.etharp_raw
                0x1000e878       0xec CMakeFiles/bitdoglab_wifi.dir/home/leaonid/pico/pico-sdk/lib/lwip/src/core/ipv4/etharp.c.o
 .text.etharp_output_to_arp_index
                0x1000e964       0xd0 CMakeFiles/bitdoglab_wifi.dir/home/leaonid/pico/pico-sdk/lib/lwip/src/core/ipv4/etharp.c.o
 .text.etharp_tmr
                0x1000ea34       0x94 CMakeFiles/bitdoglab_wifi.dir/home/leaonid/pico/pico-sdk/lib/lwip/src/core/ipv4/etharp.c.o
                0x1000ea34                etharp_tmr
 .text.etharp_cleanup_netif
                0x1000eac8      0x188 CMakeFiles/bitdoglab_wifi.dir/home/leaonid/pico/pico-sdk/lib/lwip/src/core/ipv4/etharp.c.o
                0x1000eac8                etharp_cleanup_netif
 .text.etharp_input
                0x1000ec50      0x1b8 CMakeFiles/bitdoglab_wifi.dir/home/leaonid/pico/pico-sdk/lib/lwip/src/core/ipv4/etharp.c.o
                0x1000ec50                etharp_input
 .text.etharp_query
                0x1000ee08      0x1b8 CMakeFiles/bitdoglab_wifi.dir/home/leaonid/pico/pico-sdk/lib/lwip/src/core/ipv4/etharp.c.o
                0x1000ee08                etharp_query
 .text.etharp_output
                0x1000efc0      0x24c CMakeFiles/bitdoglab_wifi.dir/home/leaonid/pico/pico-sdk/lib/lwip/src/core/ipv4/etharp.c.o
                0x1000efc0                etharp_output
 .text.etharp_request
                0x1000f20c       0x2c CMakeFiles/bitdoglab_wifi.dir/home/leaonid/pico/pico-sdk/lib/lwip/src/core/ipv4/etharp.c.o
                0x1000f20c                etharp_request
 .text.icmp_input
                0x1000f238      0x1f0 CMakeFiles/bitdoglab_wifi.dir/home/leaonid/pico/pico-sdk/lib/lwip/src/core/ipv4/icmp.c.o
                0x1000f238                icmp_input
 .text.icmp_dest_unreach
                0x1000f428       0xcc CMakeFiles/bitdoglab_wifi.dir/home/leaonid/pico/pico-sdk/lib/lwip/src/core/ipv4/icmp.c.o
                0x1000f428                icmp_dest_unreach
 .text.icmp_time_exceeded
                0x1000f4f4       0xcc CMakeFiles/bitdoglab_wifi.dir/home/leaonid/pico/pico-sdk/lib/lwip/src/core/ipv4/icmp.c.o
                0x1000f4f4                icmp_time_exceeded
 .text.ip_reass_free_complete_datagram
                0x1000f5c0      0x11c CMakeFiles/bitdoglab_wifi.dir/home/leaonid/pico/pico-sdk/lib/lwip/src/core/ipv4/ip4_frag.c.o
 .text.ip_reass_remove_oldest_datagram
                0x1000f6dc       0xd8 CMakeFiles/bitdoglab_wifi.dir/home/leaonid/pico/pico-sdk/lib/lwip/src/core/ipv4/ip4_frag.c.o
 .text.ip_reass_tmr
                0x1000f7b4       0x30 CMakeFiles/bitdoglab_wifi.dir/home/leaonid/pico/pico-sdk/lib/lwip/src/core/ipv4/ip4_frag.c.o
                0x1000f7b4                ip_reass_tmr
 .text.ip4_reass
                0x1000f7e4      0x560 CMakeFiles/bitdoglab_wifi.dir/home/leaonid/pico/pico-sdk/lib/lwip/src/core/ipv4/ip4_frag.c.o
                0x1000f7e4                ip4_reass
 .text.ip4_frag
                0x1000fd44      0x254 CMakeFiles/bitdoglab_wifi.dir/home/leaonid/pico/pico-sdk/lib/lwip/src/core/ipv4/ip4_frag.c.o
                0x1000fd44                ip4_frag
 .text.ip4_route
                0x1000ff98       0x7c CMakeFiles/bitdoglab_wifi.dir/home/leaonid/pico/pico-sdk/lib/lwip/src/core/ipv4/ip4.c.o
                0x1000ff98                ip4_route
 .text.ip4_input
                0x10010014      0x300 CMakeFiles/bitdoglab_wifi.dir/home/leaonid/pico/pico-sdk/lib/lwip/src/core/ipv4/ip4.c.o
                0x10010014                ip4_input
 .text.ip4_output_if
                0x10010314      0x190 CMakeFiles/bitdoglab_wifi.dir/home/leaonid/pico/pico-sdk/lib/lwip/src/core/ipv4/ip4.c.o
                0x10010314                ip4_output_if
 .text.ip4_output_if_src
                0x100104a4      0x184 CMakeFiles/bitdoglab_wifi.dir/home/leaonid/pico/pico-sdk/lib/lwip/src/core/ipv4/ip4.c.o
                0x100104a4                ip4_output_if_src
 .text.ip4_addr_isbroadcast_u32
                0x10010628       0x3c CMakeFiles/bitdoglab_wifi.dir/home/leaonid/pico/pico-sdk/lib/lwip/src/core/ipv4/ip4_addr.c.o
                0x10010628                ip4_addr_isbroadcast_u32
 .text.ethernet_input
                0x10010664       0xd0 CMakeFiles/bitdoglab_wifi.dir/home/leaonid/pico/pico-sdk/lib/lwip/src/netif/ethernet.c.o
                0x10010664                ethernet_input
 .text.ethernet_output
                0x10010734       0x6c CMakeFiles/bitdoglab_wifi.dir/home/leaonid/pico/pico-sdk/lib/lwip/src/netif/ethernet.c.o
                0x10010734                ethernet_output
 .text.cyw43_arch_set_async_context
                0x100107a0        0xc CMakeFiles/bitdoglab_wifi.dir/home/leaonid/pico/pico-sdk/src/rp2_common/pico_cyw43_arch/cyw43_arch.c.o
                0x100107a0                cyw43_arch_set_async_context
 .text.cyw43_arch_enable_sta_mode
                0x100107ac       0x1c CMakeFiles/bitdoglab_wifi.dir/home/leaonid/pico/pico-sdk/src/rp2_common/pico_cyw43_arch/cyw43_arch.c.o
                0x100107ac                cyw43_arch_enable_sta_mode
 .text.cyw43_arch_wifi_connect_async
                0x100107c8       0x4c CMakeFiles/bitdoglab_wifi.dir/home/leaonid/pico/pico-sdk/src/rp2_common/pico_cyw43_arch/cyw43_arch.c.o
                0x100107c8                cyw43_arch_wifi_connect_async
 .text.cyw43_arch_gpio_put
                0x10010814       0x14 CMakeFiles/bitdoglab_wifi.dir/home/leaonid/pico/pico-sdk/src/rp2_common/pico_cyw43_arch/cyw43_arch.c.o
                0x10010814                cyw43_arch_gpio_put
 .text.cyw43_arch_async_context
                0x10010828        0xc CMakeFiles/bitdoglab_wifi.dir/home/leaonid/pico/pico-sdk/src/rp2_common/pico_cyw43_arch/cyw43_arch.c.o
                0x10010828                cyw43_arch_async_context
 .text.cyw43_arch_poll
                0x10010834       0x18 CMakeFiles/bitdoglab_wifi.dir/home/leaonid/pico/pico-sdk/src/rp2_common/pico_cyw43_arch/cyw43_arch.c.o
                0x10010834                cyw43_arch_poll
 .text.cyw43_arch_init
                0x1001084c       0x68 CMakeFiles/bitdoglab_wifi.dir/home/leaonid/pico/pico-sdk/src/rp2_common/pico_cyw43_arch/cyw43_arch_poll.c.o
                0x1001084c                cyw43_arch_init
 .text.ns_delay.constprop.0
                0x100108b4       0x20 CMakeFiles/bitdoglab_wifi.dir/home/leaonid/pico/pico-sdk/src/rp2_common/pico_cyw43_driver/cyw43_bus_pio_spi.c.o
 .text.cyw43_spi_deinit
                0x100108d4       0x6c CMakeFiles/bitdoglab_wifi.dir/home/leaonid/pico/pico-sdk/src/rp2_common/pico_cyw43_driver/cyw43_bus_pio_spi.c.o
                0x100108d4                cyw43_spi_deinit
 .text.cyw43_spi_init
                0x10010940      0x128 CMakeFiles/bitdoglab_wifi.dir/home/leaonid/pico/pico-sdk/src/rp2_common/pico_cyw43_driver/cyw43_bus_pio_spi.c.o
                0x10010940                cyw43_spi_init
 .text.cyw43_spi_transfer
                0x10010a68      0x420 CMakeFiles/bitdoglab_wifi.dir/home/leaonid/pico/pico-sdk/src/rp2_common/pico_cyw43_driver/cyw43_bus_pio_spi.c.o
                0x10010a68                cyw43_spi_transfer
 .text.cyw43_spi_gpio_setup
                0x10010e88       0x3c CMakeFiles/bitdoglab_wifi.dir/home/leaonid/pico/pico-sdk/src/rp2_common/pico_cyw43_driver/cyw43_bus_pio_spi.c.o
                0x10010e88                cyw43_spi_gpio_setup
 .text.cyw43_spi_reset
                0x10010ec4       0x28 CMakeFiles/bitdoglab_wifi.dir/home/leaonid/pico/pico-sdk/src/rp2_common/pico_cyw43_driver/cyw43_bus_pio_spi.c.o
                0x10010ec4                cyw43_spi_reset
 .text.read_reg_u32_swap
                0x10010eec       0x3c CMakeFiles/bitdoglab_wifi.dir/home/leaonid/pico/pico-sdk/src/rp2_common/pico_cyw43_driver/cyw43_bus_pio_spi.c.o
                0x10010eec                read_reg_u32_swap
 .text.cyw43_read_reg_u32
                0x10010f28       0x50 CMakeFiles/bitdoglab_wifi.dir/home/leaonid/pico/pico-sdk/src/rp2_common/pico_cyw43_driver/cyw43_bus_pio_spi.c.o
                0x10010f28                cyw43_read_reg_u32
 .text.cyw43_read_reg_u16
                0x10010f78       0x50 CMakeFiles/bitdoglab_wifi.dir/home/leaonid/pico/pico-sdk/src/rp2_common/pico_cyw43_driver/cyw43_bus_pio_spi.c.o
                0x10010f78                cyw43_read_reg_u16
 .text.cyw43_read_reg_u8
                0x10010fc8       0x50 CMakeFiles/bitdoglab_wifi.dir/home/leaonid/pico/pico-sdk/src/rp2_common/pico_cyw43_driver/cyw43_bus_pio_spi.c.o
                0x10010fc8                cyw43_read_reg_u8
 .text.write_reg_u32_swap
                0x10011018      0x214 CMakeFiles/bitdoglab_wifi.dir/home/leaonid/pico/pico-sdk/src/rp2_common/pico_cyw43_driver/cyw43_bus_pio_spi.c.o
                0x10011018                write_reg_u32_swap
 .text.cyw43_write_reg_u32
                0x1001122c      0x214 CMakeFiles/bitdoglab_wifi.dir/home/leaonid/pico/pico-sdk/src/rp2_common/pico_cyw43_driver/cyw43_bus_pio_spi.c.o
                0x1001122c                cyw43_write_reg_u32
 .text.cyw43_write_reg_u16
                0x10011440      0x214 CMakeFiles/bitdoglab_wifi.dir/home/leaonid/pico/pico-sdk/src/rp2_common/pico_cyw43_driver/cyw43_bus_pio_spi.c.o
                0x10011440                cyw43_write_reg_u16
 .text.cyw43_write_reg_u8
                0x10011654      0x214 CMakeFiles/bitdoglab_wifi.dir/home/leaonid/pico/pico-sdk/src/rp2_common/pico_cyw43_driver/cyw43_bus_pio_spi.c.o
                0x10011654                cyw43_write_reg_u8
 .text.cyw43_read_bytes
                0x10011868       0x78 CMakeFiles/bitdoglab_wifi.dir/home/leaonid/pico/pico-sdk/src/rp2_common/pico_cyw43_driver/cyw43_bus_pio_spi.c.o
                0x10011868                cyw43_read_bytes
 .text.cyw43_write_bytes
                0x100118e0       0xc0 CMakeFiles/bitdoglab_wifi.dir/home/leaonid/pico/pico-sdk/src/rp2_common/pico_cyw43_driver/cyw43_bus_pio_spi.c.o
                0x100118e0                cyw43_write_bytes
 .text.cyw43_set_backplane_window
                0x100119a0       0x68 CMakeFiles/bitdoglab_wifi.dir/home/leaonid/pico/pico-sdk/lib/cyw43-driver/src/cyw43_ll.c.o
 .text.cyw43_ll_parse_async_event
                0x10011a08      0x134 CMakeFiles/bitdoglab_wifi.dir/home/leaonid/pico/pico-sdk/lib/cyw43-driver/src/cyw43_ll.c.o
 .text.cyw43_kso_set
                0x10011b3c       0x80 CMakeFiles/bitdoglab_wifi.dir/home/leaonid/pico/pico-sdk/lib/cyw43-driver/src/cyw43_ll.c.o
 .text.cyw43_ll_sdpcm_poll_device
                0x10011bbc      0x238 CMakeFiles/bitdoglab_wifi.dir/home/leaonid/pico/pico-sdk/lib/cyw43-driver/src/cyw43_ll.c.o
 .text.cyw43_sdpcm_send_common
                0x10011df4       0xfc CMakeFiles/bitdoglab_wifi.dir/home/leaonid/pico/pico-sdk/lib/cyw43-driver/src/cyw43_ll.c.o
 .text.cyw43_do_ioctl.part.0
                0x10011ef0       0xc4 CMakeFiles/bitdoglab_wifi.dir/home/leaonid/pico/pico-sdk/lib/cyw43-driver/src/cyw43_ll.c.o
 .text.cyw43_download_resource
                0x10011fb4       0xd0 CMakeFiles/bitdoglab_wifi.dir/home/leaonid/pico/pico-sdk/lib/cyw43-driver/src/cyw43_ll.c.o
 .text.cyw43_write_iovar_u32.constprop.0
                0x10012084       0x98 CMakeFiles/bitdoglab_wifi.dir/home/leaonid/pico/pico-sdk/lib/cyw43-driver/src/cyw43_ll.c.o
 .text.cyw43_write_iovar_n
                0x1001211c       0x8c CMakeFiles/bitdoglab_wifi.dir/home/leaonid/pico/pico-sdk/lib/cyw43-driver/src/cyw43_ll.c.o
 .text.cyw43_write_iovar_u32_u32.constprop.0
                0x100121a8       0xac CMakeFiles/bitdoglab_wifi.dir/home/leaonid/pico/pico-sdk/lib/cyw43-driver/src/cyw43_ll.c.o
 .text.cyw43_read_backplane.constprop.0
                0x10012254       0xe4 CMakeFiles/bitdoglab_wifi.dir/home/leaonid/pico/pico-sdk/lib/cyw43-driver/src/cyw43_ll.c.o
 .text.cyw43_write_backplane
                0x10012338      0x10c CMakeFiles/bitdoglab_wifi.dir/home/leaonid/pico/pico-sdk/lib/cyw43-driver/src/cyw43_ll.c.o
 .text.reset_device_core.constprop.0